run-syntcomp26-coverage exit: resetting failed scope residue acacia-syntcomp26-coverage-1881795-3d85847a2e21.scope
run-syntcomp26-coverage exit: resetting failed scope residue acacia-syntcomp26-coverage-1881795-40e39257831a.scope
run-syntcomp26-coverage exit: resetting failed scope residue acacia-syntcomp26-coverage-1881795-4e57d33d4dce.scope
run-syntcomp26-coverage exit: cleaned up 3 scope(s) that outlived this campaign
cap=60s instance=abcg_arbiter_pb_4_pe_.ltl result=TIMEOUT seconds=60.129
cap=60s instance=abcg_arbiter_pb_5_pe_.ltl result=TIMEOUT seconds=60.130
cap=60s instance=abcg_arbiter_pb_6_pe_.ltl result=TIMEOUT seconds=60.105
cap=60s instance=amba_case_study_unreal_pb_2_pe_.ltl result=TIMEOUT seconds=60.080
cap=60s instance=amba_case_study_unreal_pb_3_pe_.ltl result=TIMEOUT seconds=60.093
cap=60s instance=amba_case_study_unreal_pb_4_pe_.ltl result=TIMEOUT seconds=60.138
cap=60s instance=amba_case_study_unreal_pb_5_pe_.ltl result=TIMEOUT seconds=60.136
cap=60s instance=amba_decomposed_lock_pb_10_pe_.ltl result=REALIZABLE seconds=1.115
cap=60s instance=amba_decomposed_lock_pb_11_pe_.ltl result=REALIZABLE seconds=1.353
cap=60s instance=amba_decomposed_lock_pb_12_pe_.ltl result=REALIZABLE seconds=1.735
cap=60s instance=amba_decomposed_lock_pb_13_pe_.ltl result=REALIZABLE seconds=2.620
cap=60s instance=amba_decomposed_lock_pb_14_pe_.ltl result=REALIZABLE seconds=5.002
cap=60s instance=amba_decomposed_lock_pb_15_pe_.ltl result=REALIZABLE seconds=12.751
cap=60s instance=amba_decomposed_lock_pb_16_pe_.ltl result=TIMEOUT seconds=60.134
cap=60s instance=amba_decomposed_lock_pb_30_pe_.ltl result=TIMEOUT seconds=60.093
cap=60s instance=amba_decomposed_lock_pb_5_pe_.ltl result=REALIZABLE seconds=0.874
cap=60s instance=amba_decomposed_lock_pb_6_pe_.ltl result=REALIZABLE seconds=0.925
cap=60s instance=amba_decomposed_lock_pb_7_pe_.ltl result=REALIZABLE seconds=0.933
cap=60s instance=amba_decomposed_lock_pb_8_pe_.ltl result=REALIZABLE seconds=0.975
cap=60s instance=amba_decomposed_lock_pb_9_pe_.ltl result=REALIZABLE seconds=1.005
cap=60s instance=arbiter_on_inpchange_pb_5_pe_.ltl result=REALIZABLE seconds=6.288
cap=60s instance=arbiter_on_inpchange_pb_6_pe_.ltl result=REALIZABLE seconds=16.000
cap=60s instance=arbiter_on_inpchange_pb_7_pe_.ltl result=TIMEOUT seconds=60.097
cap=60s instance=arbiter_pb_10_pe_.ltl result=REALIZABLE seconds=2.583
cap=60s instance=arbiter_pb_5_pe_.ltl result=REALIZABLE seconds=1.071
cap=60s instance=arbiter_pb_6_pe_.ltl result=REALIZABLE seconds=1.265
cap=60s instance=arbiter_pb_7_pe_.ltl result=REALIZABLE seconds=1.448
cap=60s instance=arbiter_pb_8_pe_.ltl result=REALIZABLE seconds=1.716
cap=60s instance=arbiter_pb_9_pe_.ltl result=REALIZABLE seconds=2.141
cap=60s instance=arbiter_with_buffer_pb_10_pe_.ltl result=REALIZABLE seconds=36.505
cap=60s instance=arbiter_with_buffer_pb_5_pe_.ltl result=REALIZABLE seconds=0.880
cap=60s instance=arbiter_with_buffer_pb_6_pe_.ltl result=REALIZABLE seconds=1.032
cap=60s instance=arbiter_with_buffer_pb_7_pe_.ltl result=REALIZABLE seconds=1.462
cap=60s instance=arbiter_with_buffer_pb_8_pe_.ltl result=REALIZABLE seconds=2.932
cap=60s instance=arbiter_with_buffer_pb_9_pe_.ltl result=REALIZABLE seconds=8.908
cap=60s instance=arbiter_with_cancel_pb_10_pe_.ltl result=REALIZABLE seconds=23.379
cap=60s instance=arbiter_with_cancel_pb_5_pe_.ltl result=REALIZABLE seconds=1.625
cap=60s instance=arbiter_with_cancel_pb_6_pe_.ltl result=REALIZABLE seconds=2.061
cap=60s instance=arbiter_with_cancel_pb_7_pe_.ltl result=REALIZABLE seconds=2.857
cap=60s instance=arbiter_with_cancel_pb_8_pe_.ltl result=REALIZABLE seconds=4.579
cap=60s instance=arbiter_with_cancel_pb_9_pe_.ltl result=REALIZABLE seconds=8.662
cap=60s instance=collector_v1_pb_11_pe_.ltl result=TIMEOUT seconds=60.044
cap=60s instance=collector_v1_pb_12_pe_.ltl result=TIMEOUT seconds=60.096
cap=60s instance=collector_v1_pb_13_pe_.ltl result=MEMOUT seconds=12.418
cap=60s instance=collector_v1_pb_14_pe_.ltl result=MEMOUT seconds=12.162
cap=60s instance=collector_v1_pb_15_pe_.ltl result=MEMOUT seconds=12.733
cap=60s instance=collector_v1_pb_5_pe_.ltl result=REALIZABLE seconds=40.067
cap=60s instance=collector_v1_pb_7_pe_.ltl result=REALIZABLE seconds=40.033
cap=60s instance=collector_v1_pb_9_pe_.ltl result=REALIZABLE seconds=42.471
cap=60s instance=load_balancer_pb_10_pe_.ltl result=REALIZABLE seconds=30.989
cap=60s instance=load_balancer_pb_11_pe_.ltl result=TIMEOUT seconds=60.136
cap=60s instance=load_balancer_pb_5_pe_.ltl result=REALIZABLE seconds=1.324
cap=60s instance=load_balancer_pb_6_pe_.ltl result=REALIZABLE seconds=1.636
cap=60s instance=load_balancer_pb_7_pe_.ltl result=REALIZABLE seconds=2.301
cap=60s instance=load_balancer_pb_8_pe_.ltl result=REALIZABLE seconds=4.265
cap=60s instance=load_balancer_pb_9_pe_.ltl result=REALIZABLE seconds=9.796
cap=60s instance=load_balancer_unreal2_pb_2_pe_.ltl result=REALIZABLE seconds=0.448
cap=60s instance=load_balancer_unreal2_pb_3_pe_.ltl result=UNREALIZABLE seconds=0.567
cap=60s instance=load_balancer_unreal2_pb_4_pe_.ltl result=UNREALIZABLE seconds=0.636
cap=60s instance=load_balancer_unreal2_pb_5_pe_.ltl result=UNREALIZABLE seconds=0.889
cap=60s instance=load_balancer_unreal2_pb_6_pe_.ltl result=UNREALIZABLE seconds=2.345
cap=60s instance=load_balancer_unreal2_pb_7_pe_.ltl result=UNREALIZABLE seconds=11.457
cap=60s instance=load_balancer_unreal2_pb_8_pe_.ltl result=TIMEOUT seconds=60.137
cap=60s instance=prioritized_arbiter_pb_10_pe_.ltl result=REALIZABLE seconds=1.054
cap=60s instance=prioritized_arbiter_pb_12_pe_.ltl result=REALIZABLE seconds=1.897
cap=60s instance=prioritized_arbiter_pb_5_pe_.ltl result=REALIZABLE seconds=0.795
cap=60s instance=prioritized_arbiter_pb_6_pe_.ltl result=REALIZABLE seconds=0.846
cap=60s instance=prioritized_arbiter_pb_7_pe_.ltl result=REALIZABLE seconds=0.853
cap=60s instance=prioritized_arbiter_pb_8_pe_.ltl result=REALIZABLE seconds=0.903
cap=60s instance=prioritized_arbiter_pb_9_pe_.ltl result=REALIZABLE seconds=0.951
cap=60s instance=prioritized_arbiter_unreal2_pb_100_pe_.ltl result=TIMEOUT seconds=60.093
cap=60s instance=prioritized_arbiter_unreal2_pb_10_pe_.ltl result=UNREALIZABLE seconds=5.547
cap=60s instance=prioritized_arbiter_unreal2_pb_2_pe_.ltl result=UNREALIZABLE seconds=0.550
cap=60s instance=prioritized_arbiter_unreal2_pb_30_pe_.ltl result=TIMEOUT seconds=60.095
cap=60s instance=prioritized_arbiter_unreal2_pb_3_pe_.ltl result=UNREALIZABLE seconds=0.530
cap=60s instance=prioritized_arbiter_unreal2_pb_4_pe_.ltl result=UNREALIZABLE seconds=0.546
cap=60s instance=prioritized_arbiter_unreal2_pb_5_pe_.ltl result=UNREALIZABLE seconds=0.589
cap=60s instance=prioritized_arbiter_unreal2_pb_60_pe_.ltl result=TIMEOUT seconds=60.093
cap=60s instance=prioritized_arbiter_unreal2_pb_6_pe_.ltl result=UNREALIZABLE seconds=0.624
cap=60s instance=prioritized_arbiter_unreal2_pb_7_pe_.ltl result=UNREALIZABLE seconds=0.744
cap=60s instance=prioritized_arbiter_unreal2_pb_8_pe_.ltl result=UNREALIZABLE seconds=1.074
cap=60s instance=round_robin_arbiter_unreal2_pb_2_pe_.ltl result=UNREALIZABLE seconds=0.562
cap=60s instance=round_robin_arbiter_unreal2_pb_3_pe_.ltl result=UNREALIZABLE seconds=0.613
cap=60s instance=round_robin_arbiter_unreal2_pb_4_pe_.ltl result=UNREALIZABLE seconds=0.907
cap=60s instance=round_robin_arbiter_unreal2_pb_5_pe_.ltl result=UNREALIZABLE seconds=2.076
cap=60s instance=round_robin_arbiter_unreal2_pb_6_pe_.ltl result=UNREALIZABLE seconds=7.208
cap=60s instance=round_robin_arbiter_unreal2_pb_7_pe_.ltl result=UNREALIZABLE seconds=30.887
cap=60s instance=simple_arbiter_with_hints_pb_10_pe_.ltl result=TIMEOUT seconds=60.287
cap=60s instance=simple_arbiter_with_hints_pb_12_pe_.ltl result=TIMEOUT seconds=60.187
cap=60s instance=simple_arbiter_with_hints_pb_15_pe_.ltl result=TIMEOUT seconds=60.129
cap=60s instance=simple_arbiter_with_hints_pb_8_pe_.ltl result=TIMEOUT seconds=60.067
wrote /home/gperez/GIT-repos/acacia-gr1-par2-timing/benchmarking/gr1-par2-20260923/campaign/selection/60s/N-b/N-b-cap60.tsv
wrote /home/gperez/GIT-repos/acacia-gr1-par2-timing/benchmarking/gr1-par2-20260923/campaign/selection/60s/N-b/N-b-cap60-summary.tsv
