run-syntcomp26-coverage exit: resetting failed scope residue acacia-syntcomp26-coverage-1874651-263d7c72a262.scope
run-syntcomp26-coverage exit: resetting failed scope residue acacia-syntcomp26-coverage-1874651-cbf25780a859.scope
run-syntcomp26-coverage exit: resetting failed scope residue acacia-syntcomp26-coverage-1874651-cc30649af629.scope
run-syntcomp26-coverage exit: cleaned up 3 scope(s) that outlived this campaign
cap=60s instance=abcg_arbiter_pb_4_pe_.ltl result=TIMEOUT seconds=60.129
cap=60s instance=abcg_arbiter_pb_5_pe_.ltl result=TIMEOUT seconds=60.130
cap=60s instance=abcg_arbiter_pb_6_pe_.ltl result=TIMEOUT seconds=60.129
cap=60s instance=amba_case_study_unreal_pb_2_pe_.ltl result=TIMEOUT seconds=60.097
cap=60s instance=amba_case_study_unreal_pb_3_pe_.ltl result=TIMEOUT seconds=60.128
cap=60s instance=amba_case_study_unreal_pb_4_pe_.ltl result=TIMEOUT seconds=60.137
cap=60s instance=amba_case_study_unreal_pb_5_pe_.ltl result=TIMEOUT seconds=60.131
cap=60s instance=amba_decomposed_lock_pb_10_pe_.ltl result=REALIZABLE seconds=1.464
cap=60s instance=amba_decomposed_lock_pb_11_pe_.ltl result=REALIZABLE seconds=1.648
cap=60s instance=amba_decomposed_lock_pb_12_pe_.ltl result=REALIZABLE seconds=1.959
cap=60s instance=amba_decomposed_lock_pb_13_pe_.ltl result=REALIZABLE seconds=2.669
cap=60s instance=amba_decomposed_lock_pb_14_pe_.ltl result=REALIZABLE seconds=5.022
cap=60s instance=amba_decomposed_lock_pb_15_pe_.ltl result=REALIZABLE seconds=12.859
cap=60s instance=amba_decomposed_lock_pb_16_pe_.ltl result=TIMEOUT seconds=60.083
cap=60s instance=amba_decomposed_lock_pb_30_pe_.ltl result=TIMEOUT seconds=60.093
cap=60s instance=amba_decomposed_lock_pb_5_pe_.ltl result=REALIZABLE seconds=0.915
cap=60s instance=amba_decomposed_lock_pb_6_pe_.ltl result=REALIZABLE seconds=0.916
cap=60s instance=amba_decomposed_lock_pb_7_pe_.ltl result=REALIZABLE seconds=0.933
cap=60s instance=amba_decomposed_lock_pb_8_pe_.ltl result=REALIZABLE seconds=0.969
cap=60s instance=amba_decomposed_lock_pb_9_pe_.ltl result=REALIZABLE seconds=0.996
cap=60s instance=arbiter_on_inpchange_pb_5_pe_.ltl result=REALIZABLE seconds=6.304
cap=60s instance=arbiter_on_inpchange_pb_6_pe_.ltl result=REALIZABLE seconds=15.892
cap=60s instance=arbiter_on_inpchange_pb_7_pe_.ltl result=TIMEOUT seconds=60.133
cap=60s instance=arbiter_pb_10_pe_.ltl result=REALIZABLE seconds=2.606
cap=60s instance=arbiter_pb_5_pe_.ltl result=REALIZABLE seconds=1.067
cap=60s instance=arbiter_pb_6_pe_.ltl result=REALIZABLE seconds=1.233
cap=60s instance=arbiter_pb_7_pe_.ltl result=REALIZABLE seconds=1.443
cap=60s instance=arbiter_pb_8_pe_.ltl result=REALIZABLE seconds=1.676
cap=60s instance=arbiter_pb_9_pe_.ltl result=REALIZABLE seconds=2.074
cap=60s instance=arbiter_with_buffer_pb_10_pe_.ltl result=TIMEOUT seconds=60.129
cap=60s instance=arbiter_with_buffer_pb_5_pe_.ltl result=REALIZABLE seconds=0.916
cap=60s instance=arbiter_with_buffer_pb_6_pe_.ltl result=REALIZABLE seconds=1.049
cap=60s instance=arbiter_with_buffer_pb_7_pe_.ltl result=REALIZABLE seconds=1.486
cap=60s instance=arbiter_with_buffer_pb_8_pe_.ltl result=REALIZABLE seconds=3.015
cap=60s instance=arbiter_with_buffer_pb_9_pe_.ltl result=REALIZABLE seconds=9.086
cap=60s instance=arbiter_with_cancel_pb_10_pe_.ltl result=TIMEOUT seconds=60.131
cap=60s instance=arbiter_with_cancel_pb_5_pe_.ltl result=REALIZABLE seconds=1.658
cap=60s instance=arbiter_with_cancel_pb_6_pe_.ltl result=REALIZABLE seconds=2.130
cap=60s instance=arbiter_with_cancel_pb_7_pe_.ltl result=REALIZABLE seconds=3.029
cap=60s instance=arbiter_with_cancel_pb_8_pe_.ltl result=REALIZABLE seconds=4.697
cap=60s instance=arbiter_with_cancel_pb_9_pe_.ltl result=REALIZABLE seconds=8.693
cap=60s instance=collector_v1_pb_11_pe_.ltl result=TIMEOUT seconds=60.081
cap=60s instance=collector_v1_pb_12_pe_.ltl result=TIMEOUT seconds=60.097
cap=60s instance=collector_v1_pb_13_pe_.ltl result=MEMOUT seconds=12.314
cap=60s instance=collector_v1_pb_14_pe_.ltl result=MEMOUT seconds=12.476
cap=60s instance=collector_v1_pb_15_pe_.ltl result=MEMOUT seconds=12.813
cap=60s instance=collector_v1_pb_5_pe_.ltl result=REALIZABLE seconds=20.050
cap=60s instance=collector_v1_pb_7_pe_.ltl result=REALIZABLE seconds=20.007
cap=60s instance=collector_v1_pb_9_pe_.ltl result=REALIZABLE seconds=22.534
cap=60s instance=load_balancer_pb_10_pe_.ltl result=TIMEOUT seconds=60.129
cap=60s instance=load_balancer_pb_11_pe_.ltl result=TIMEOUT seconds=60.128
cap=60s instance=load_balancer_pb_5_pe_.ltl result=REALIZABLE seconds=1.318
cap=60s instance=load_balancer_pb_6_pe_.ltl result=REALIZABLE seconds=1.633
cap=60s instance=load_balancer_pb_7_pe_.ltl result=REALIZABLE seconds=2.319
cap=60s instance=load_balancer_pb_8_pe_.ltl result=REALIZABLE seconds=4.267
cap=60s instance=load_balancer_pb_9_pe_.ltl result=REALIZABLE seconds=9.622
cap=60s instance=load_balancer_unreal2_pb_2_pe_.ltl result=REALIZABLE seconds=0.439
cap=60s instance=load_balancer_unreal2_pb_3_pe_.ltl result=UNREALIZABLE seconds=0.574
cap=60s instance=load_balancer_unreal2_pb_4_pe_.ltl result=UNREALIZABLE seconds=0.640
cap=60s instance=load_balancer_unreal2_pb_5_pe_.ltl result=UNREALIZABLE seconds=0.888
cap=60s instance=load_balancer_unreal2_pb_6_pe_.ltl result=UNREALIZABLE seconds=2.224
cap=60s instance=load_balancer_unreal2_pb_7_pe_.ltl result=UNREALIZABLE seconds=11.280
cap=60s instance=load_balancer_unreal2_pb_8_pe_.ltl result=TIMEOUT seconds=60.129
cap=60s instance=prioritized_arbiter_pb_10_pe_.ltl result=REALIZABLE seconds=1.045
cap=60s instance=prioritized_arbiter_pb_12_pe_.ltl result=REALIZABLE seconds=1.875
cap=60s instance=prioritized_arbiter_pb_5_pe_.ltl result=REALIZABLE seconds=0.794
cap=60s instance=prioritized_arbiter_pb_6_pe_.ltl result=REALIZABLE seconds=0.862
cap=60s instance=prioritized_arbiter_pb_7_pe_.ltl result=REALIZABLE seconds=0.870
cap=60s instance=prioritized_arbiter_pb_8_pe_.ltl result=REALIZABLE seconds=0.892
cap=60s instance=prioritized_arbiter_pb_9_pe_.ltl result=REALIZABLE seconds=0.961
cap=60s instance=prioritized_arbiter_unreal2_pb_100_pe_.ltl result=TIMEOUT seconds=60.110
cap=60s instance=prioritized_arbiter_unreal2_pb_10_pe_.ltl result=UNREALIZABLE seconds=5.552
cap=60s instance=prioritized_arbiter_unreal2_pb_2_pe_.ltl result=UNREALIZABLE seconds=0.543
cap=60s instance=prioritized_arbiter_unreal2_pb_30_pe_.ltl result=TIMEOUT seconds=60.110
cap=60s instance=prioritized_arbiter_unreal2_pb_3_pe_.ltl result=UNREALIZABLE seconds=0.547
cap=60s instance=prioritized_arbiter_unreal2_pb_4_pe_.ltl result=UNREALIZABLE seconds=0.552
cap=60s instance=prioritized_arbiter_unreal2_pb_5_pe_.ltl result=UNREALIZABLE seconds=0.582
cap=60s instance=prioritized_arbiter_unreal2_pb_60_pe_.ltl result=TIMEOUT seconds=60.110
cap=60s instance=prioritized_arbiter_unreal2_pb_6_pe_.ltl result=UNREALIZABLE seconds=0.617
cap=60s instance=prioritized_arbiter_unreal2_pb_7_pe_.ltl result=UNREALIZABLE seconds=0.744
cap=60s instance=prioritized_arbiter_unreal2_pb_8_pe_.ltl result=UNREALIZABLE seconds=1.071
cap=60s instance=round_robin_arbiter_unreal2_pb_2_pe_.ltl result=UNREALIZABLE seconds=0.561
cap=60s instance=round_robin_arbiter_unreal2_pb_3_pe_.ltl result=UNREALIZABLE seconds=0.628
cap=60s instance=round_robin_arbiter_unreal2_pb_4_pe_.ltl result=UNREALIZABLE seconds=0.917
cap=60s instance=round_robin_arbiter_unreal2_pb_5_pe_.ltl result=UNREALIZABLE seconds=2.070
cap=60s instance=round_robin_arbiter_unreal2_pb_6_pe_.ltl result=UNREALIZABLE seconds=7.189
cap=60s instance=round_robin_arbiter_unreal2_pb_7_pe_.ltl result=TIMEOUT seconds=60.128
cap=60s instance=simple_arbiter_with_hints_pb_10_pe_.ltl result=TIMEOUT seconds=60.185
cap=60s instance=simple_arbiter_with_hints_pb_12_pe_.ltl result=TIMEOUT seconds=60.186
cap=60s instance=simple_arbiter_with_hints_pb_15_pe_.ltl result=TIMEOUT seconds=60.126
cap=60s instance=simple_arbiter_with_hints_pb_8_pe_.ltl result=TIMEOUT seconds=60.080
wrote /home/gperez/GIT-repos/acacia-gr1-par2-timing/benchmarking/gr1-par2-20260923/campaign/selection/60s/N-a/N-a-cap60.tsv
wrote /home/gperez/GIT-repos/acacia-gr1-par2-timing/benchmarking/gr1-par2-20260923/campaign/selection/60s/N-a/N-a-cap60-summary.tsv
