[2026-09-20T23:32:44] W2 CONFIRMATIONS START (120s=196, 17s=119)
[2026-09-20T23:32:44] SCREEN START 120s-confirm targets=196 rounds=5
[2026-09-20T23:32:44] start r1 B
[2026-09-21T01:46:16] end r1 B rc=0
[2026-09-21T01:46:16] start r1 S
[2026-09-21T03:05:55] end r1 S rc=0
[2026-09-21T03:05:55] start r2 S
[2026-09-21T04:25:59] end r2 S rc=0
[2026-09-21T04:25:59] start r2 B
[2026-09-21T06:39:11] end r2 B rc=0
[2026-09-21T06:39:11] start r3 B
[2026-09-21T08:52:41] end r3 B rc=0
[2026-09-21T08:52:41] start r3 S
[2026-09-21T10:11:37] end r3 S rc=0
[2026-09-21T10:11:37] start r4 S
[2026-09-21T11:30:10] end r4 S rc=0
[2026-09-21T11:30:10] start r4 B
[2026-09-21T13:42:44] end r4 B rc=0
[2026-09-21T13:42:44] start r5 B
[2026-09-21T15:55:24] end r5 B rc=0
[2026-09-21T15:55:24] start r5 S
[2026-09-21T17:14:03] end r5 S rc=0
[2026-09-21T17:14:03] SCREEN DONE 120s-confirm
[2026-09-21T17:14:03] SCREEN START 17s-confirm targets=119 rounds=5
[2026-09-21T17:14:03] start r1 B
[2026-09-21T17:23:18] end r1 B rc=0
[2026-09-21T17:23:18] start r1 S
[2026-09-21T17:31:54] end r1 S rc=0
[2026-09-21T17:31:54] start r2 S
[2026-09-21T17:40:30] end r2 S rc=0
[2026-09-21T17:40:30] start r2 B
[2026-09-21T17:49:43] end r2 B rc=0
[2026-09-21T17:49:43] start r3 B
[2026-09-21T17:58:57] end r3 B rc=0
[2026-09-21T17:58:57] start r3 S
[2026-09-21T18:07:35] end r3 S rc=0
[2026-09-21T18:07:35] start r4 S
[2026-09-21T18:16:10] end r4 S rc=0
[2026-09-21T18:16:10] start r4 B
[2026-09-21T18:25:27] end r4 B rc=0
[2026-09-21T18:25:27] start r5 B
[2026-09-21T18:34:39] end r5 B rc=0
[2026-09-21T18:34:39] start r5 S
[2026-09-21T18:43:14] end r5 S rc=0
[2026-09-21T18:43:14] SCREEN DONE 17s-confirm
[2026-09-21T18:43:14] ALL CONFIRMATIONS COMPLETE
