[2026-09-21T17:14:03] SCREEN START 17s-confirm targets=119 rounds=5
[2026-09-21T17:14:03] start r1 B
cap=17s instance=03.ltl result=REALIZABLE seconds=3.100
cap=17s instance=10.ltl result=REALIZABLE seconds=3.370
cap=17s instance=11.ltl result=REALIZABLE seconds=3.405
cap=17s instance=12.ltl result=REALIZABLE seconds=5.358
cap=17s instance=13.ltl result=REALIZABLE seconds=5.114
cap=17s instance=Alarm_70523fbe.ltl result=REALIZABLE seconds=0.943
cap=17s instance=F-G-contradiction-16.ltl result=UNREALIZABLE seconds=8.932
cap=17s instance=F-G-contradiction-17.ltl result=UNREALIZABLE seconds=10.555
cap=17s instance=F-G-contradiction-18.ltl result=UNREALIZABLE seconds=11.822
cap=17s instance=F-G-contradiction-19.ltl result=UNREALIZABLE seconds=13.025
cap=17s instance=GF-G-contradiction3.ltl result=UNREALIZABLE seconds=1.570
cap=17s instance=GF-G-contradiction4.ltl result=UNREALIZABLE seconds=1.685
cap=17s instance=GF-G-contradiction6.ltl result=UNREALIZABLE seconds=16.643
cap=17s instance=GF-G-contradiction7.ltl result=TIMEOUT seconds=17.084
cap=17s instance=Morning_f2774e0b.ltl result=UNREALIZABLE seconds=3.652
cap=17s instance=SPIPureNext.ltl result=TIMEOUT seconds=17.054
cap=17s instance=amba_decomposed_arbiter_pb_6_pe_.ltl result=REALIZABLE seconds=1.182
cap=17s instance=arbiter_on_inpchange_pb_4_pe_.ltl result=REALIZABLE seconds=0.781
cap=17s instance=arbiter_with_buffer_pb_5_pe_.ltl result=REALIZABLE seconds=0.908
cap=17s instance=buffer-storage-real.ltl result=REALIZABLE seconds=0.624
cap=17s instance=chain-simple-40-real.ltl result=REALIZABLE seconds=0.572
cap=17s instance=collector_v2_pb_11_pe_.ltl result=REALIZABLE seconds=0.318
cap=17s instance=finding_nemo_pb_2_pe_.ltl result=REALIZABLE seconds=4.673
cap=17s instance=g-real-real.ltl result=REALIZABLE seconds=4.418
cap=17s instance=g-unreal-112.ltl result=UNREALIZABLE seconds=6.685
cap=17s instance=g-unreal-113.ltl result=UNREALIZABLE seconds=7.554
cap=17s instance=g-unreal-115.ltl result=TIMEOUT seconds=17.143
cap=17s instance=g-unreal-18.ltl result=UNREALIZABLE seconds=1.148
cap=17s instance=g-unreal-19.ltl result=UNREALIZABLE seconds=2.030
cap=17s instance=g-unreal-33.ltl result=UNREALIZABLE seconds=0.553
cap=17s instance=g-unreal-34.ltl result=UNREALIZABLE seconds=0.876
cap=17s instance=g-unreal-36.ltl result=UNREALIZABLE seconds=1.122
cap=17s instance=g-unreal-37.ltl result=UNREALIZABLE seconds=1.923
cap=17s instance=g-unreal-38.ltl result=UNREALIZABLE seconds=9.208
cap=17s instance=heim-buechi-real.ltl result=REALIZABLE seconds=2.093
cap=17s instance=heim-double-x-real.ltl result=TIMEOUT seconds=17.071
cap=17s instance=heim-double-x10.ltl result=UNREALIZABLE seconds=2.265
cap=17s instance=heim-double-x13.ltl result=UNREALIZABLE seconds=5.481
cap=17s instance=heim-double-x9.ltl result=UNREALIZABLE seconds=2.008
cap=17s instance=infinite-race-u10.ltl result=UNREALIZABLE seconds=10.344
cap=17s instance=infinite-race-u11.ltl result=UNREALIZABLE seconds=13.915
cap=17s instance=infinite-race-u6.ltl result=UNREALIZABLE seconds=1.092
cap=17s instance=infinite-race-u7.ltl result=UNREALIZABLE seconds=1.485
cap=17s instance=infinite-race-u9.ltl result=UNREALIZABLE seconds=8.804
cap=17s instance=infinite-race-unequal-25.ltl result=UNREALIZABLE seconds=13.039
cap=17s instance=lift_pb_3_pe_.ltl result=REALIZABLE seconds=0.052
cap=17s instance=lift_pb_4_pe_.ltl result=REALIZABLE seconds=0.283
cap=17s instance=lift_unary_enc_pb_3_pe_.ltl result=REALIZABLE seconds=0.073
cap=17s instance=lift_unary_enc_pb_4_pe_.ltl result=REALIZABLE seconds=10.083
cap=17s instance=load_balancer_pb_7_pe_.ltl result=REALIZABLE seconds=5.078
cap=17s instance=load_balancer_unreal1_pb_2_15_pe_.ltl result=UNREALIZABLE seconds=0.735
cap=17s instance=load_balancer_unreal1_pb_3_12_pe_.ltl result=UNREALIZABLE seconds=0.620
cap=17s instance=load_balancer_unreal1_pb_4_6_pe_.ltl result=UNREALIZABLE seconds=1.022
cap=17s instance=load_balancer_unreal1_pb_4_7_pe_.ltl result=UNREALIZABLE seconds=7.626
cap=17s instance=load_balancer_unreal1_pb_5_4_pe_.ltl result=UNREALIZABLE seconds=0.699
cap=17s instance=load_balancer_unreal1_pb_5_5_pe_.ltl result=UNREALIZABLE seconds=14.277
cap=17s instance=load_balancer_unreal2_pb_5_pe_.ltl result=UNREALIZABLE seconds=12.351
cap=17s instance=ltl2dba_C2_unreal_pb_13_pe_.ltl result=UNREALIZABLE seconds=1.118
cap=17s instance=ltl2dba_C2_unreal_pb_14_pe_.ltl result=UNREALIZABLE seconds=3.296
cap=17s instance=ltl2dba_R_pb_7_pe_.ltl result=UNREALIZABLE seconds=6.517
cap=17s instance=ltl2dba_theta_pb_14_pe_.ltl result=UNREALIZABLE seconds=13.441
cap=17s instance=ordered-visits-choice-real.ltl result=UNKNOWN seconds=0.471
cap=17s instance=patrolling-alarm17.ltl result=UNREALIZABLE seconds=0.443
cap=17s instance=patrolling-alarm18.ltl result=UNREALIZABLE seconds=0.529
cap=17s instance=patrolling-alarm19.ltl result=UNREALIZABLE seconds=0.522
cap=17s instance=patrolling-alarm20.ltl result=UNREALIZABLE seconds=0.543
cap=17s instance=patrolling-alarm21.ltl result=UNREALIZABLE seconds=0.601
cap=17s instance=patrolling-alarm22.ltl result=UNREALIZABLE seconds=0.622
cap=17s instance=patrolling-alarm23.ltl result=UNREALIZABLE seconds=0.670
cap=17s instance=patrolling-alarm24.ltl result=UNREALIZABLE seconds=0.720
cap=17s instance=patrolling-alarm25.ltl result=UNREALIZABLE seconds=0.734
cap=17s instance=patrolling-alarm26.ltl result=UNREALIZABLE seconds=0.780
cap=17s instance=patrolling17.ltl result=UNREALIZABLE seconds=0.430
cap=17s instance=patrolling18.ltl result=UNREALIZABLE seconds=0.488
cap=17s instance=patrolling19.ltl result=UNREALIZABLE seconds=0.490
cap=17s instance=patrolling20.ltl result=UNREALIZABLE seconds=0.604
cap=17s instance=patrolling21.ltl result=UNREALIZABLE seconds=0.584
cap=17s instance=patrolling22.ltl result=UNREALIZABLE seconds=0.623
cap=17s instance=patrolling23.ltl result=UNREALIZABLE seconds=0.688
cap=17s instance=patrolling24.ltl result=UNREALIZABLE seconds=0.679
cap=17s instance=patrolling25.ltl result=UNREALIZABLE seconds=0.773
cap=17s instance=robot-cat-real-1d-real.ltl result=REALIZABLE seconds=2.628
cap=17s instance=robot-grid-commute-1d-real.ltl result=REALIZABLE seconds=1.883
cap=17s instance=robot-grid-reach-2d-real.ltl result=REALIZABLE seconds=3.067
cap=17s instance=robot-grid-reach-repeated-with-obstacles-2d-real.ltl result=REALIZABLE seconds=12.540
cap=17s instance=robot-resource-2d10.ltl result=UNREALIZABLE seconds=1.625
cap=17s instance=robot-resource-2d11.ltl result=UNREALIZABLE seconds=1.745
cap=17s instance=robot-resource-2d12.ltl result=UNREALIZABLE seconds=1.971
cap=17s instance=robot-resource-2d13.ltl result=UNREALIZABLE seconds=2.122
cap=17s instance=robot-resource-2d14.ltl result=UNREALIZABLE seconds=2.140
cap=17s instance=robot-resource-2d16.ltl result=UNREALIZABLE seconds=6.686
cap=17s instance=robot-resource-2d17.ltl result=UNREALIZABLE seconds=7.212
cap=17s instance=robot-resource-2d19.ltl result=UNREALIZABLE seconds=8.264
cap=17s instance=robot-resource-2d20.ltl result=UNREALIZABLE seconds=9.221
cap=17s instance=robot-resource-2d23.ltl result=UNREALIZABLE seconds=10.018
cap=17s instance=robot-resource-2d8.ltl result=UNREALIZABLE seconds=1.369
cap=17s instance=robot-to-target-unreal0.ltl result=REALIZABLE seconds=8.764
cap=17s instance=robot_grid_pb_3_3_pe_.ltl result=REALIZABLE seconds=0.155
cap=17s instance=robot_grid_pb_4_4_pe_.ltl result=REALIZABLE seconds=1.230
cap=17s instance=robot_grid_pb_5_5_pe_.ltl result=TIMEOUT seconds=17.144
cap=17s instance=round_robin_arbiter_pb_5_pe_.ltl result=REALIZABLE seconds=13.528
cap=17s instance=round_robin_arbiter_unreal1_pb_2_15_pe_.ltl result=UNREALIZABLE seconds=1.348
cap=17s instance=round_robin_arbiter_unreal1_pb_2_16_pe_.ltl result=UNREALIZABLE seconds=2.614
cap=17s instance=round_robin_arbiter_unreal1_pb_3_6_pe_.ltl result=UNREALIZABLE seconds=0.978
cap=17s instance=round_robin_arbiter_unreal1_pb_3_7_pe_.ltl result=UNREALIZABLE seconds=7.479
cap=17s instance=round_robin_arbiter_unreal1_pb_4_4_pe_.ltl result=UNREALIZABLE seconds=1.786
cap=17s instance=rw_arbiter_pb_3_pe_.ltl result=REALIZABLE seconds=0.800
cap=17s instance=simple_arbiter_with_hints_pb_6_pe_.ltl result=REALIZABLE seconds=2.027
cap=17s instance=square5x51.ltl result=UNREALIZABLE seconds=1.166
cap=17s instance=square5x52.ltl result=UNREALIZABLE seconds=1.354
cap=17s instance=square5x53.ltl result=UNREALIZABLE seconds=5.135
cap=17s instance=thermostat-F-real.ltl result=TIMEOUT seconds=17.085
cap=17s instance=thermostat-GF-unreal0.ltl result=UNREALIZABLE seconds=1.958
cap=17s instance=tmp_13cfc6f2.ltl result=REALIZABLE seconds=0.699
cap=17s instance=unordered-visits-real.ltl result=REALIZABLE seconds=8.754
cap=17s instance=workstation_resupply_pb_1_pe_.ltl result=REALIZABLE seconds=0.040
cap=17s instance=workstation_resupply_pb_2_pe_.ltl result=REALIZABLE seconds=0.333
cap=17s instance=workstation_resupply_pb_3_pe_.ltl result=TIMEOUT seconds=17.053
cap=17s instance=workstation_resupply_pb_4_pe_.ltl result=TIMEOUT seconds=17.136
wrote /home/gperez/GIT-repos/acacia-bonsai/benchmarking/witness-lifting-20260918/opening/confirmations/17s/r1-B.tsv
wrote /home/gperez/GIT-repos/acacia-bonsai/benchmarking/witness-lifting-20260918/opening/confirmations/17s/r1-B-summary.tsv
[2026-09-21T17:23:18] end r1 B rc=0
[2026-09-21T17:23:18] start r1 S
cap=17s instance=03.ltl result=REALIZABLE seconds=3.209
cap=17s instance=10.ltl result=REALIZABLE seconds=3.515
cap=17s instance=11.ltl result=REALIZABLE seconds=3.401
cap=17s instance=12.ltl result=REALIZABLE seconds=5.640
cap=17s instance=13.ltl result=REALIZABLE seconds=5.818
cap=17s instance=Alarm_70523fbe.ltl result=REALIZABLE seconds=0.952
cap=17s instance=F-G-contradiction-16.ltl result=UNREALIZABLE seconds=9.462
cap=17s instance=F-G-contradiction-17.ltl result=UNREALIZABLE seconds=10.505
cap=17s instance=F-G-contradiction-18.ltl result=UNREALIZABLE seconds=12.136
cap=17s instance=F-G-contradiction-19.ltl result=UNREALIZABLE seconds=12.049
cap=17s instance=GF-G-contradiction3.ltl result=UNREALIZABLE seconds=1.690
cap=17s instance=GF-G-contradiction4.ltl result=UNREALIZABLE seconds=1.819
cap=17s instance=GF-G-contradiction6.ltl result=UNREALIZABLE seconds=16.222
cap=17s instance=GF-G-contradiction7.ltl result=TIMEOUT seconds=17.085
cap=17s instance=Morning_f2774e0b.ltl result=UNREALIZABLE seconds=3.610
cap=17s instance=SPIPureNext.ltl result=REALIZABLE seconds=0.497
cap=17s instance=amba_decomposed_arbiter_pb_6_pe_.ltl result=REALIZABLE seconds=1.140
cap=17s instance=arbiter_on_inpchange_pb_4_pe_.ltl result=REALIZABLE seconds=1.292
cap=17s instance=arbiter_with_buffer_pb_5_pe_.ltl result=REALIZABLE seconds=0.831
cap=17s instance=buffer-storage-real.ltl result=REALIZABLE seconds=0.599
cap=17s instance=chain-simple-40-real.ltl result=REALIZABLE seconds=0.577
cap=17s instance=collector_v2_pb_11_pe_.ltl result=REALIZABLE seconds=0.330
cap=17s instance=finding_nemo_pb_2_pe_.ltl result=REALIZABLE seconds=4.900
cap=17s instance=g-real-real.ltl result=REALIZABLE seconds=2.686
cap=17s instance=g-unreal-112.ltl result=UNREALIZABLE seconds=6.458
cap=17s instance=g-unreal-113.ltl result=UNREALIZABLE seconds=7.248
cap=17s instance=g-unreal-115.ltl result=UNREALIZABLE seconds=16.946
cap=17s instance=g-unreal-18.ltl result=UNREALIZABLE seconds=1.070
cap=17s instance=g-unreal-19.ltl result=UNREALIZABLE seconds=1.955
cap=17s instance=g-unreal-33.ltl result=UNREALIZABLE seconds=0.567
cap=17s instance=g-unreal-34.ltl result=UNREALIZABLE seconds=0.891
cap=17s instance=g-unreal-36.ltl result=UNREALIZABLE seconds=1.197
cap=17s instance=g-unreal-37.ltl result=UNREALIZABLE seconds=1.903
cap=17s instance=g-unreal-38.ltl result=UNREALIZABLE seconds=9.510
cap=17s instance=heim-buechi-real.ltl result=REALIZABLE seconds=2.101
cap=17s instance=heim-double-x-real.ltl result=REALIZABLE seconds=0.401
cap=17s instance=heim-double-x10.ltl result=UNREALIZABLE seconds=2.476
cap=17s instance=heim-double-x13.ltl result=UNREALIZABLE seconds=5.349
cap=17s instance=heim-double-x9.ltl result=UNREALIZABLE seconds=1.993
cap=17s instance=infinite-race-u10.ltl result=UNREALIZABLE seconds=9.964
cap=17s instance=infinite-race-u11.ltl result=UNREALIZABLE seconds=13.785
cap=17s instance=infinite-race-u6.ltl result=UNREALIZABLE seconds=1.109
cap=17s instance=infinite-race-u7.ltl result=UNREALIZABLE seconds=1.533
cap=17s instance=infinite-race-u9.ltl result=UNREALIZABLE seconds=8.411
cap=17s instance=infinite-race-unequal-25.ltl result=UNREALIZABLE seconds=12.946
cap=17s instance=lift_pb_3_pe_.ltl result=REALIZABLE seconds=0.597
cap=17s instance=lift_pb_4_pe_.ltl result=TIMEOUT seconds=17.194
cap=17s instance=lift_unary_enc_pb_3_pe_.ltl result=REALIZABLE seconds=0.681
cap=17s instance=lift_unary_enc_pb_4_pe_.ltl result=TIMEOUT seconds=17.136
cap=17s instance=load_balancer_pb_7_pe_.ltl result=REALIZABLE seconds=5.035
cap=17s instance=load_balancer_unreal1_pb_2_15_pe_.ltl result=UNREALIZABLE seconds=0.761
cap=17s instance=load_balancer_unreal1_pb_3_12_pe_.ltl result=UNREALIZABLE seconds=0.655
cap=17s instance=load_balancer_unreal1_pb_4_6_pe_.ltl result=UNREALIZABLE seconds=1.121
cap=17s instance=load_balancer_unreal1_pb_4_7_pe_.ltl result=UNREALIZABLE seconds=8.218
cap=17s instance=load_balancer_unreal1_pb_5_4_pe_.ltl result=UNREALIZABLE seconds=0.709
cap=17s instance=load_balancer_unreal1_pb_5_5_pe_.ltl result=UNREALIZABLE seconds=15.117
cap=17s instance=load_balancer_unreal2_pb_5_pe_.ltl result=UNREALIZABLE seconds=12.127
cap=17s instance=ltl2dba_C2_unreal_pb_13_pe_.ltl result=UNREALIZABLE seconds=1.268
cap=17s instance=ltl2dba_C2_unreal_pb_14_pe_.ltl result=UNREALIZABLE seconds=3.022
cap=17s instance=ltl2dba_R_pb_7_pe_.ltl result=UNREALIZABLE seconds=6.636
cap=17s instance=ltl2dba_theta_pb_14_pe_.ltl result=UNREALIZABLE seconds=12.975
cap=17s instance=ordered-visits-choice-real.ltl result=REALIZABLE seconds=0.028
cap=17s instance=patrolling-alarm17.ltl result=UNREALIZABLE seconds=0.454
cap=17s instance=patrolling-alarm18.ltl result=UNREALIZABLE seconds=0.480
cap=17s instance=patrolling-alarm19.ltl result=UNREALIZABLE seconds=0.514
cap=17s instance=patrolling-alarm20.ltl result=UNREALIZABLE seconds=0.561
cap=17s instance=patrolling-alarm21.ltl result=UNREALIZABLE seconds=0.627
cap=17s instance=patrolling-alarm22.ltl result=UNREALIZABLE seconds=0.649
cap=17s instance=patrolling-alarm23.ltl result=UNREALIZABLE seconds=0.741
cap=17s instance=patrolling-alarm24.ltl result=UNREALIZABLE seconds=0.746
cap=17s instance=patrolling-alarm25.ltl result=UNREALIZABLE seconds=0.703
cap=17s instance=patrolling-alarm26.ltl result=UNREALIZABLE seconds=0.746
cap=17s instance=patrolling17.ltl result=UNREALIZABLE seconds=0.415
cap=17s instance=patrolling18.ltl result=UNREALIZABLE seconds=0.512
cap=17s instance=patrolling19.ltl result=UNREALIZABLE seconds=0.520
cap=17s instance=patrolling20.ltl result=UNREALIZABLE seconds=0.560
cap=17s instance=patrolling21.ltl result=UNREALIZABLE seconds=0.619
cap=17s instance=patrolling22.ltl result=UNREALIZABLE seconds=0.613
cap=17s instance=patrolling23.ltl result=UNREALIZABLE seconds=0.623
cap=17s instance=patrolling24.ltl result=UNREALIZABLE seconds=0.717
cap=17s instance=patrolling25.ltl result=UNREALIZABLE seconds=0.725
cap=17s instance=robot-cat-real-1d-real.ltl result=REALIZABLE seconds=2.190
cap=17s instance=robot-grid-commute-1d-real.ltl result=REALIZABLE seconds=1.757
cap=17s instance=robot-grid-reach-2d-real.ltl result=REALIZABLE seconds=2.725
cap=17s instance=robot-grid-reach-repeated-with-obstacles-2d-real.ltl result=REALIZABLE seconds=7.938
cap=17s instance=robot-resource-2d10.ltl result=UNREALIZABLE seconds=1.579
cap=17s instance=robot-resource-2d11.ltl result=UNREALIZABLE seconds=1.634
cap=17s instance=robot-resource-2d12.ltl result=UNREALIZABLE seconds=1.857
cap=17s instance=robot-resource-2d13.ltl result=UNREALIZABLE seconds=1.992
cap=17s instance=robot-resource-2d14.ltl result=UNREALIZABLE seconds=2.127
cap=17s instance=robot-resource-2d16.ltl result=UNREALIZABLE seconds=6.995
cap=17s instance=robot-resource-2d17.ltl result=UNREALIZABLE seconds=7.847
cap=17s instance=robot-resource-2d19.ltl result=UNREALIZABLE seconds=7.825
cap=17s instance=robot-resource-2d20.ltl result=UNREALIZABLE seconds=8.331
cap=17s instance=robot-resource-2d23.ltl result=UNREALIZABLE seconds=9.848
cap=17s instance=robot-resource-2d8.ltl result=UNREALIZABLE seconds=1.305
cap=17s instance=robot-to-target-unreal0.ltl result=REALIZABLE seconds=8.038
cap=17s instance=robot_grid_pb_3_3_pe_.ltl result=REALIZABLE seconds=0.288
cap=17s instance=robot_grid_pb_4_4_pe_.ltl result=REALIZABLE seconds=1.660
cap=17s instance=robot_grid_pb_5_5_pe_.ltl result=REALIZABLE seconds=9.064
cap=17s instance=round_robin_arbiter_pb_5_pe_.ltl result=REALIZABLE seconds=14.890
cap=17s instance=round_robin_arbiter_unreal1_pb_2_15_pe_.ltl result=UNREALIZABLE seconds=1.233
cap=17s instance=round_robin_arbiter_unreal1_pb_2_16_pe_.ltl result=UNREALIZABLE seconds=3.031
cap=17s instance=round_robin_arbiter_unreal1_pb_3_6_pe_.ltl result=UNREALIZABLE seconds=1.015
cap=17s instance=round_robin_arbiter_unreal1_pb_3_7_pe_.ltl result=UNREALIZABLE seconds=7.644
cap=17s instance=round_robin_arbiter_unreal1_pb_4_4_pe_.ltl result=UNREALIZABLE seconds=1.677
cap=17s instance=rw_arbiter_pb_3_pe_.ltl result=REALIZABLE seconds=0.748
cap=17s instance=simple_arbiter_with_hints_pb_6_pe_.ltl result=REALIZABLE seconds=1.975
cap=17s instance=square5x51.ltl result=UNREALIZABLE seconds=1.236
cap=17s instance=square5x52.ltl result=UNREALIZABLE seconds=1.404
cap=17s instance=square5x53.ltl result=UNREALIZABLE seconds=5.187
cap=17s instance=thermostat-F-real.ltl result=REALIZABLE seconds=1.537
cap=17s instance=thermostat-GF-unreal0.ltl result=UNREALIZABLE seconds=1.986
cap=17s instance=tmp_13cfc6f2.ltl result=REALIZABLE seconds=0.751
cap=17s instance=unordered-visits-real.ltl result=REALIZABLE seconds=8.019
cap=17s instance=workstation_resupply_pb_1_pe_.ltl result=REALIZABLE seconds=0.028
cap=17s instance=workstation_resupply_pb_2_pe_.ltl result=REALIZABLE seconds=0.338
cap=17s instance=workstation_resupply_pb_3_pe_.ltl result=TIMEOUT seconds=17.053
cap=17s instance=workstation_resupply_pb_4_pe_.ltl result=TIMEOUT seconds=17.145
wrote /home/gperez/GIT-repos/acacia-bonsai/benchmarking/witness-lifting-20260918/opening/confirmations/17s/r1-S.tsv
wrote /home/gperez/GIT-repos/acacia-bonsai/benchmarking/witness-lifting-20260918/opening/confirmations/17s/r1-S-summary.tsv
[2026-09-21T17:31:54] end r1 S rc=0
[2026-09-21T17:31:54] start r2 S
cap=17s instance=03.ltl result=REALIZABLE seconds=3.302
cap=17s instance=10.ltl result=REALIZABLE seconds=3.683
cap=17s instance=11.ltl result=REALIZABLE seconds=3.708
cap=17s instance=12.ltl result=REALIZABLE seconds=5.671
cap=17s instance=13.ltl result=REALIZABLE seconds=5.091
cap=17s instance=Alarm_70523fbe.ltl result=REALIZABLE seconds=0.911
cap=17s instance=F-G-contradiction-16.ltl result=UNREALIZABLE seconds=9.042
cap=17s instance=F-G-contradiction-17.ltl result=UNREALIZABLE seconds=10.441
cap=17s instance=F-G-contradiction-18.ltl result=UNREALIZABLE seconds=12.010
cap=17s instance=F-G-contradiction-19.ltl result=UNREALIZABLE seconds=12.494
cap=17s instance=GF-G-contradiction3.ltl result=UNREALIZABLE seconds=1.636
cap=17s instance=GF-G-contradiction4.ltl result=UNREALIZABLE seconds=1.829
cap=17s instance=GF-G-contradiction6.ltl result=UNREALIZABLE seconds=16.553
cap=17s instance=GF-G-contradiction7.ltl result=TIMEOUT seconds=17.024
cap=17s instance=Morning_f2774e0b.ltl result=UNREALIZABLE seconds=3.557
cap=17s instance=SPIPureNext.ltl result=REALIZABLE seconds=0.520
cap=17s instance=amba_decomposed_arbiter_pb_6_pe_.ltl result=REALIZABLE seconds=1.189
cap=17s instance=arbiter_on_inpchange_pb_4_pe_.ltl result=REALIZABLE seconds=1.243
cap=17s instance=arbiter_with_buffer_pb_5_pe_.ltl result=REALIZABLE seconds=0.891
cap=17s instance=buffer-storage-real.ltl result=REALIZABLE seconds=0.644
cap=17s instance=chain-simple-40-real.ltl result=REALIZABLE seconds=0.585
cap=17s instance=collector_v2_pb_11_pe_.ltl result=REALIZABLE seconds=0.326
cap=17s instance=finding_nemo_pb_2_pe_.ltl result=REALIZABLE seconds=4.692
cap=17s instance=g-real-real.ltl result=REALIZABLE seconds=2.506
cap=17s instance=g-unreal-112.ltl result=UNREALIZABLE seconds=6.344
cap=17s instance=g-unreal-113.ltl result=UNREALIZABLE seconds=7.412
cap=17s instance=g-unreal-115.ltl result=TIMEOUT seconds=17.138
cap=17s instance=g-unreal-18.ltl result=UNREALIZABLE seconds=1.197
cap=17s instance=g-unreal-19.ltl result=UNREALIZABLE seconds=1.976
cap=17s instance=g-unreal-33.ltl result=UNREALIZABLE seconds=0.567
cap=17s instance=g-unreal-34.ltl result=UNREALIZABLE seconds=0.961
cap=17s instance=g-unreal-36.ltl result=UNREALIZABLE seconds=1.228
cap=17s instance=g-unreal-37.ltl result=UNREALIZABLE seconds=1.890
cap=17s instance=g-unreal-38.ltl result=UNREALIZABLE seconds=8.748
cap=17s instance=heim-buechi-real.ltl result=REALIZABLE seconds=2.054
cap=17s instance=heim-double-x-real.ltl result=REALIZABLE seconds=0.396
cap=17s instance=heim-double-x10.ltl result=UNREALIZABLE seconds=2.383
cap=17s instance=heim-double-x13.ltl result=UNREALIZABLE seconds=5.532
cap=17s instance=heim-double-x9.ltl result=UNREALIZABLE seconds=2.091
cap=17s instance=infinite-race-u10.ltl result=UNREALIZABLE seconds=10.764
cap=17s instance=infinite-race-u11.ltl result=UNREALIZABLE seconds=13.838
cap=17s instance=infinite-race-u6.ltl result=UNREALIZABLE seconds=1.080
cap=17s instance=infinite-race-u7.ltl result=UNREALIZABLE seconds=1.511
cap=17s instance=infinite-race-u9.ltl result=UNREALIZABLE seconds=8.955
cap=17s instance=infinite-race-unequal-25.ltl result=UNREALIZABLE seconds=13.296
cap=17s instance=lift_pb_3_pe_.ltl result=REALIZABLE seconds=0.626
cap=17s instance=lift_pb_4_pe_.ltl result=TIMEOUT seconds=17.185
cap=17s instance=lift_unary_enc_pb_3_pe_.ltl result=REALIZABLE seconds=0.703
cap=17s instance=lift_unary_enc_pb_4_pe_.ltl result=TIMEOUT seconds=17.135
cap=17s instance=load_balancer_pb_7_pe_.ltl result=REALIZABLE seconds=4.956
cap=17s instance=load_balancer_unreal1_pb_2_15_pe_.ltl result=UNREALIZABLE seconds=0.771
cap=17s instance=load_balancer_unreal1_pb_3_12_pe_.ltl result=UNREALIZABLE seconds=0.634
cap=17s instance=load_balancer_unreal1_pb_4_6_pe_.ltl result=UNREALIZABLE seconds=1.129
cap=17s instance=load_balancer_unreal1_pb_4_7_pe_.ltl result=UNREALIZABLE seconds=7.969
cap=17s instance=load_balancer_unreal1_pb_5_4_pe_.ltl result=UNREALIZABLE seconds=0.717
cap=17s instance=load_balancer_unreal1_pb_5_5_pe_.ltl result=UNREALIZABLE seconds=14.390
cap=17s instance=load_balancer_unreal2_pb_5_pe_.ltl result=UNREALIZABLE seconds=11.595
cap=17s instance=ltl2dba_C2_unreal_pb_13_pe_.ltl result=UNREALIZABLE seconds=1.215
cap=17s instance=ltl2dba_C2_unreal_pb_14_pe_.ltl result=UNREALIZABLE seconds=3.260
cap=17s instance=ltl2dba_R_pb_7_pe_.ltl result=UNREALIZABLE seconds=6.646
cap=17s instance=ltl2dba_theta_pb_14_pe_.ltl result=UNREALIZABLE seconds=13.606
cap=17s instance=ordered-visits-choice-real.ltl result=REALIZABLE seconds=0.031
cap=17s instance=patrolling-alarm17.ltl result=UNREALIZABLE seconds=0.458
cap=17s instance=patrolling-alarm18.ltl result=UNREALIZABLE seconds=0.470
cap=17s instance=patrolling-alarm19.ltl result=UNREALIZABLE seconds=0.549
cap=17s instance=patrolling-alarm20.ltl result=UNREALIZABLE seconds=0.542
cap=17s instance=patrolling-alarm21.ltl result=UNREALIZABLE seconds=0.609
cap=17s instance=patrolling-alarm22.ltl result=UNREALIZABLE seconds=0.600
cap=17s instance=patrolling-alarm23.ltl result=UNREALIZABLE seconds=0.693
cap=17s instance=patrolling-alarm24.ltl result=UNREALIZABLE seconds=0.736
cap=17s instance=patrolling-alarm25.ltl result=UNREALIZABLE seconds=0.745
cap=17s instance=patrolling-alarm26.ltl result=UNREALIZABLE seconds=0.815
cap=17s instance=patrolling17.ltl result=UNREALIZABLE seconds=0.424
cap=17s instance=patrolling18.ltl result=UNREALIZABLE seconds=0.505
cap=17s instance=patrolling19.ltl result=UNREALIZABLE seconds=0.534
cap=17s instance=patrolling20.ltl result=UNREALIZABLE seconds=0.552
cap=17s instance=patrolling21.ltl result=UNREALIZABLE seconds=0.615
cap=17s instance=patrolling22.ltl result=UNREALIZABLE seconds=0.645
cap=17s instance=patrolling23.ltl result=UNREALIZABLE seconds=0.661
cap=17s instance=patrolling24.ltl result=UNREALIZABLE seconds=0.733
cap=17s instance=patrolling25.ltl result=UNREALIZABLE seconds=0.762
cap=17s instance=robot-cat-real-1d-real.ltl result=REALIZABLE seconds=2.213
cap=17s instance=robot-grid-commute-1d-real.ltl result=REALIZABLE seconds=1.813
cap=17s instance=robot-grid-reach-2d-real.ltl result=REALIZABLE seconds=3.119
cap=17s instance=robot-grid-reach-repeated-with-obstacles-2d-real.ltl result=REALIZABLE seconds=7.756
cap=17s instance=robot-resource-2d10.ltl result=UNREALIZABLE seconds=1.699
cap=17s instance=robot-resource-2d11.ltl result=UNREALIZABLE seconds=1.742
cap=17s instance=robot-resource-2d12.ltl result=UNREALIZABLE seconds=1.950
cap=17s instance=robot-resource-2d13.ltl result=UNREALIZABLE seconds=2.155
cap=17s instance=robot-resource-2d14.ltl result=UNREALIZABLE seconds=2.293
cap=17s instance=robot-resource-2d16.ltl result=UNREALIZABLE seconds=6.913
cap=17s instance=robot-resource-2d17.ltl result=UNREALIZABLE seconds=7.363
cap=17s instance=robot-resource-2d19.ltl result=UNREALIZABLE seconds=7.882
cap=17s instance=robot-resource-2d20.ltl result=UNREALIZABLE seconds=8.636
cap=17s instance=robot-resource-2d23.ltl result=UNREALIZABLE seconds=9.829
cap=17s instance=robot-resource-2d8.ltl result=UNREALIZABLE seconds=1.346
cap=17s instance=robot-to-target-unreal0.ltl result=REALIZABLE seconds=8.310
cap=17s instance=robot_grid_pb_3_3_pe_.ltl result=REALIZABLE seconds=0.262
cap=17s instance=robot_grid_pb_4_4_pe_.ltl result=REALIZABLE seconds=1.853
cap=17s instance=robot_grid_pb_5_5_pe_.ltl result=REALIZABLE seconds=9.591
cap=17s instance=round_robin_arbiter_pb_5_pe_.ltl result=REALIZABLE seconds=13.663
cap=17s instance=round_robin_arbiter_unreal1_pb_2_15_pe_.ltl result=UNREALIZABLE seconds=1.342
cap=17s instance=round_robin_arbiter_unreal1_pb_2_16_pe_.ltl result=UNREALIZABLE seconds=2.725
cap=17s instance=round_robin_arbiter_unreal1_pb_3_6_pe_.ltl result=UNREALIZABLE seconds=0.998
cap=17s instance=round_robin_arbiter_unreal1_pb_3_7_pe_.ltl result=UNREALIZABLE seconds=7.180
cap=17s instance=round_robin_arbiter_unreal1_pb_4_4_pe_.ltl result=UNREALIZABLE seconds=1.708
cap=17s instance=rw_arbiter_pb_3_pe_.ltl result=REALIZABLE seconds=0.732
cap=17s instance=simple_arbiter_with_hints_pb_6_pe_.ltl result=REALIZABLE seconds=2.116
cap=17s instance=square5x51.ltl result=UNREALIZABLE seconds=1.163
cap=17s instance=square5x52.ltl result=UNREALIZABLE seconds=1.387
cap=17s instance=square5x53.ltl result=UNREALIZABLE seconds=5.064
cap=17s instance=thermostat-F-real.ltl result=REALIZABLE seconds=1.435
cap=17s instance=thermostat-GF-unreal0.ltl result=UNREALIZABLE seconds=2.009
cap=17s instance=tmp_13cfc6f2.ltl result=REALIZABLE seconds=0.714
cap=17s instance=unordered-visits-real.ltl result=REALIZABLE seconds=8.390
cap=17s instance=workstation_resupply_pb_1_pe_.ltl result=REALIZABLE seconds=0.026
cap=17s instance=workstation_resupply_pb_2_pe_.ltl result=REALIZABLE seconds=0.360
cap=17s instance=workstation_resupply_pb_3_pe_.ltl result=REALIZABLE seconds=16.376
cap=17s instance=workstation_resupply_pb_4_pe_.ltl result=TIMEOUT seconds=17.134
wrote /home/gperez/GIT-repos/acacia-bonsai/benchmarking/witness-lifting-20260918/opening/confirmations/17s/r2-S.tsv
wrote /home/gperez/GIT-repos/acacia-bonsai/benchmarking/witness-lifting-20260918/opening/confirmations/17s/r2-S-summary.tsv
[2026-09-21T17:40:30] end r2 S rc=0
[2026-09-21T17:40:30] start r2 B
cap=17s instance=03.ltl result=REALIZABLE seconds=3.251
cap=17s instance=10.ltl result=REALIZABLE seconds=3.487
cap=17s instance=11.ltl result=REALIZABLE seconds=3.594
cap=17s instance=12.ltl result=REALIZABLE seconds=5.249
cap=17s instance=13.ltl result=REALIZABLE seconds=5.694
cap=17s instance=Alarm_70523fbe.ltl result=REALIZABLE seconds=0.948
cap=17s instance=F-G-contradiction-16.ltl result=UNREALIZABLE seconds=8.906
cap=17s instance=F-G-contradiction-17.ltl result=UNREALIZABLE seconds=10.183
cap=17s instance=F-G-contradiction-18.ltl result=UNREALIZABLE seconds=11.611
cap=17s instance=F-G-contradiction-19.ltl result=UNREALIZABLE seconds=12.359
cap=17s instance=GF-G-contradiction3.ltl result=UNREALIZABLE seconds=1.739
cap=17s instance=GF-G-contradiction4.ltl result=UNREALIZABLE seconds=1.774
cap=17s instance=GF-G-contradiction6.ltl result=UNREALIZABLE seconds=16.430
cap=17s instance=GF-G-contradiction7.ltl result=UNREALIZABLE seconds=16.660
cap=17s instance=Morning_f2774e0b.ltl result=UNREALIZABLE seconds=3.576
cap=17s instance=SPIPureNext.ltl result=TIMEOUT seconds=17.054
cap=17s instance=amba_decomposed_arbiter_pb_6_pe_.ltl result=REALIZABLE seconds=1.203
cap=17s instance=arbiter_on_inpchange_pb_4_pe_.ltl result=REALIZABLE seconds=0.774
cap=17s instance=arbiter_with_buffer_pb_5_pe_.ltl result=REALIZABLE seconds=0.918
cap=17s instance=buffer-storage-real.ltl result=REALIZABLE seconds=0.632
cap=17s instance=chain-simple-40-real.ltl result=REALIZABLE seconds=0.558
cap=17s instance=collector_v2_pb_11_pe_.ltl result=REALIZABLE seconds=0.338
cap=17s instance=finding_nemo_pb_2_pe_.ltl result=REALIZABLE seconds=4.862
cap=17s instance=g-real-real.ltl result=REALIZABLE seconds=4.378
cap=17s instance=g-unreal-112.ltl result=UNREALIZABLE seconds=6.619
cap=17s instance=g-unreal-113.ltl result=UNREALIZABLE seconds=7.676
cap=17s instance=g-unreal-115.ltl result=TIMEOUT seconds=17.141
cap=17s instance=g-unreal-18.ltl result=UNREALIZABLE seconds=1.152
cap=17s instance=g-unreal-19.ltl result=UNREALIZABLE seconds=2.137
cap=17s instance=g-unreal-33.ltl result=UNREALIZABLE seconds=0.523
cap=17s instance=g-unreal-34.ltl result=UNREALIZABLE seconds=0.941
cap=17s instance=g-unreal-36.ltl result=UNREALIZABLE seconds=1.137
cap=17s instance=g-unreal-37.ltl result=UNREALIZABLE seconds=1.889
cap=17s instance=g-unreal-38.ltl result=UNREALIZABLE seconds=9.540
cap=17s instance=heim-buechi-real.ltl result=REALIZABLE seconds=2.100
cap=17s instance=heim-double-x-real.ltl result=TIMEOUT seconds=17.093
cap=17s instance=heim-double-x10.ltl result=UNREALIZABLE seconds=2.366
cap=17s instance=heim-double-x13.ltl result=UNREALIZABLE seconds=5.405
cap=17s instance=heim-double-x9.ltl result=UNREALIZABLE seconds=2.093
cap=17s instance=infinite-race-u10.ltl result=UNREALIZABLE seconds=10.792
cap=17s instance=infinite-race-u11.ltl result=UNREALIZABLE seconds=13.827
cap=17s instance=infinite-race-u6.ltl result=UNREALIZABLE seconds=1.030
cap=17s instance=infinite-race-u7.ltl result=UNREALIZABLE seconds=1.574
cap=17s instance=infinite-race-u9.ltl result=UNREALIZABLE seconds=8.408
cap=17s instance=infinite-race-unequal-25.ltl result=UNREALIZABLE seconds=13.584
cap=17s instance=lift_pb_3_pe_.ltl result=REALIZABLE seconds=0.040
cap=17s instance=lift_pb_4_pe_.ltl result=REALIZABLE seconds=0.279
cap=17s instance=lift_unary_enc_pb_3_pe_.ltl result=REALIZABLE seconds=0.085
cap=17s instance=lift_unary_enc_pb_4_pe_.ltl result=REALIZABLE seconds=10.021
cap=17s instance=load_balancer_pb_7_pe_.ltl result=REALIZABLE seconds=5.372
cap=17s instance=load_balancer_unreal1_pb_2_15_pe_.ltl result=UNREALIZABLE seconds=0.680
cap=17s instance=load_balancer_unreal1_pb_3_12_pe_.ltl result=UNREALIZABLE seconds=0.628
cap=17s instance=load_balancer_unreal1_pb_4_6_pe_.ltl result=UNREALIZABLE seconds=1.043
cap=17s instance=load_balancer_unreal1_pb_4_7_pe_.ltl result=UNREALIZABLE seconds=7.451
cap=17s instance=load_balancer_unreal1_pb_5_4_pe_.ltl result=UNREALIZABLE seconds=0.706
cap=17s instance=load_balancer_unreal1_pb_5_5_pe_.ltl result=UNREALIZABLE seconds=13.441
cap=17s instance=load_balancer_unreal2_pb_5_pe_.ltl result=UNREALIZABLE seconds=11.467
cap=17s instance=ltl2dba_C2_unreal_pb_13_pe_.ltl result=UNREALIZABLE seconds=1.270
cap=17s instance=ltl2dba_C2_unreal_pb_14_pe_.ltl result=UNREALIZABLE seconds=3.209
cap=17s instance=ltl2dba_R_pb_7_pe_.ltl result=UNREALIZABLE seconds=6.365
cap=17s instance=ltl2dba_theta_pb_14_pe_.ltl result=UNREALIZABLE seconds=13.805
cap=17s instance=ordered-visits-choice-real.ltl result=UNKNOWN seconds=0.466
cap=17s instance=patrolling-alarm17.ltl result=UNREALIZABLE seconds=0.408
cap=17s instance=patrolling-alarm18.ltl result=UNREALIZABLE seconds=0.481
cap=17s instance=patrolling-alarm19.ltl result=UNREALIZABLE seconds=0.482
cap=17s instance=patrolling-alarm20.ltl result=UNREALIZABLE seconds=0.559
cap=17s instance=patrolling-alarm21.ltl result=UNREALIZABLE seconds=0.632
cap=17s instance=patrolling-alarm22.ltl result=UNREALIZABLE seconds=0.631
cap=17s instance=patrolling-alarm23.ltl result=UNREALIZABLE seconds=0.683
cap=17s instance=patrolling-alarm24.ltl result=UNREALIZABLE seconds=0.763
cap=17s instance=patrolling-alarm25.ltl result=UNREALIZABLE seconds=0.783
cap=17s instance=patrolling-alarm26.ltl result=UNREALIZABLE seconds=0.795
cap=17s instance=patrolling17.ltl result=UNREALIZABLE seconds=0.423
cap=17s instance=patrolling18.ltl result=UNREALIZABLE seconds=0.493
cap=17s instance=patrolling19.ltl result=UNREALIZABLE seconds=0.525
cap=17s instance=patrolling20.ltl result=UNREALIZABLE seconds=0.538
cap=17s instance=patrolling21.ltl result=UNREALIZABLE seconds=0.606
cap=17s instance=patrolling22.ltl result=UNREALIZABLE seconds=0.591
cap=17s instance=patrolling23.ltl result=UNREALIZABLE seconds=0.715
cap=17s instance=patrolling24.ltl result=UNREALIZABLE seconds=0.714
cap=17s instance=patrolling25.ltl result=UNREALIZABLE seconds=0.764
cap=17s instance=robot-cat-real-1d-real.ltl result=REALIZABLE seconds=2.696
cap=17s instance=robot-grid-commute-1d-real.ltl result=REALIZABLE seconds=2.084
cap=17s instance=robot-grid-reach-2d-real.ltl result=REALIZABLE seconds=3.030
cap=17s instance=robot-grid-reach-repeated-with-obstacles-2d-real.ltl result=REALIZABLE seconds=12.391
cap=17s instance=robot-resource-2d10.ltl result=UNREALIZABLE seconds=1.653
cap=17s instance=robot-resource-2d11.ltl result=UNREALIZABLE seconds=1.695
cap=17s instance=robot-resource-2d12.ltl result=UNREALIZABLE seconds=1.973
cap=17s instance=robot-resource-2d13.ltl result=UNREALIZABLE seconds=2.120
cap=17s instance=robot-resource-2d14.ltl result=UNREALIZABLE seconds=2.277
cap=17s instance=robot-resource-2d16.ltl result=UNREALIZABLE seconds=7.015
cap=17s instance=robot-resource-2d17.ltl result=UNREALIZABLE seconds=7.284
cap=17s instance=robot-resource-2d19.ltl result=UNREALIZABLE seconds=8.123
cap=17s instance=robot-resource-2d20.ltl result=UNREALIZABLE seconds=8.835
cap=17s instance=robot-resource-2d23.ltl result=UNREALIZABLE seconds=9.344
cap=17s instance=robot-resource-2d8.ltl result=UNREALIZABLE seconds=1.379
cap=17s instance=robot-to-target-unreal0.ltl result=REALIZABLE seconds=8.411
cap=17s instance=robot_grid_pb_3_3_pe_.ltl result=REALIZABLE seconds=0.162
cap=17s instance=robot_grid_pb_4_4_pe_.ltl result=REALIZABLE seconds=1.286
cap=17s instance=robot_grid_pb_5_5_pe_.ltl result=TIMEOUT seconds=17.142
cap=17s instance=round_robin_arbiter_pb_5_pe_.ltl result=REALIZABLE seconds=13.654
cap=17s instance=round_robin_arbiter_unreal1_pb_2_15_pe_.ltl result=UNREALIZABLE seconds=1.294
cap=17s instance=round_robin_arbiter_unreal1_pb_2_16_pe_.ltl result=UNREALIZABLE seconds=2.744
cap=17s instance=round_robin_arbiter_unreal1_pb_3_6_pe_.ltl result=UNREALIZABLE seconds=1.014
cap=17s instance=round_robin_arbiter_unreal1_pb_3_7_pe_.ltl result=UNREALIZABLE seconds=7.543
cap=17s instance=round_robin_arbiter_unreal1_pb_4_4_pe_.ltl result=UNREALIZABLE seconds=1.747
cap=17s instance=rw_arbiter_pb_3_pe_.ltl result=REALIZABLE seconds=0.782
cap=17s instance=simple_arbiter_with_hints_pb_6_pe_.ltl result=REALIZABLE seconds=2.096
cap=17s instance=square5x51.ltl result=UNREALIZABLE seconds=1.068
cap=17s instance=square5x52.ltl result=UNREALIZABLE seconds=1.358
cap=17s instance=square5x53.ltl result=UNREALIZABLE seconds=4.777
cap=17s instance=thermostat-F-real.ltl result=TIMEOUT seconds=17.085
cap=17s instance=thermostat-GF-unreal0.ltl result=UNREALIZABLE seconds=1.802
cap=17s instance=tmp_13cfc6f2.ltl result=REALIZABLE seconds=0.750
cap=17s instance=unordered-visits-real.ltl result=REALIZABLE seconds=8.560
cap=17s instance=workstation_resupply_pb_1_pe_.ltl result=REALIZABLE seconds=0.029
cap=17s instance=workstation_resupply_pb_2_pe_.ltl result=REALIZABLE seconds=0.336
cap=17s instance=workstation_resupply_pb_3_pe_.ltl result=REALIZABLE seconds=16.633
cap=17s instance=workstation_resupply_pb_4_pe_.ltl result=TIMEOUT seconds=17.139
wrote /home/gperez/GIT-repos/acacia-bonsai/benchmarking/witness-lifting-20260918/opening/confirmations/17s/r2-B.tsv
wrote /home/gperez/GIT-repos/acacia-bonsai/benchmarking/witness-lifting-20260918/opening/confirmations/17s/r2-B-summary.tsv
[2026-09-21T17:49:43] end r2 B rc=0
[2026-09-21T17:49:43] start r3 B
cap=17s instance=03.ltl result=REALIZABLE seconds=3.403
cap=17s instance=10.ltl result=REALIZABLE seconds=3.707
cap=17s instance=11.ltl result=REALIZABLE seconds=3.487
cap=17s instance=12.ltl result=REALIZABLE seconds=5.482
cap=17s instance=13.ltl result=REALIZABLE seconds=5.340
cap=17s instance=Alarm_70523fbe.ltl result=REALIZABLE seconds=0.936
cap=17s instance=F-G-contradiction-16.ltl result=UNREALIZABLE seconds=9.376
cap=17s instance=F-G-contradiction-17.ltl result=UNREALIZABLE seconds=10.276
cap=17s instance=F-G-contradiction-18.ltl result=UNREALIZABLE seconds=11.585
cap=17s instance=F-G-contradiction-19.ltl result=UNREALIZABLE seconds=13.412
cap=17s instance=GF-G-contradiction3.ltl result=UNREALIZABLE seconds=1.717
cap=17s instance=GF-G-contradiction4.ltl result=UNREALIZABLE seconds=1.842
cap=17s instance=GF-G-contradiction6.ltl result=UNREALIZABLE seconds=15.384
cap=17s instance=GF-G-contradiction7.ltl result=TIMEOUT seconds=17.086
cap=17s instance=Morning_f2774e0b.ltl result=UNREALIZABLE seconds=3.577
cap=17s instance=SPIPureNext.ltl result=TIMEOUT seconds=17.055
cap=17s instance=amba_decomposed_arbiter_pb_6_pe_.ltl result=REALIZABLE seconds=1.239
cap=17s instance=arbiter_on_inpchange_pb_4_pe_.ltl result=REALIZABLE seconds=0.843
cap=17s instance=arbiter_with_buffer_pb_5_pe_.ltl result=REALIZABLE seconds=0.903
cap=17s instance=buffer-storage-real.ltl result=REALIZABLE seconds=0.645
cap=17s instance=chain-simple-40-real.ltl result=REALIZABLE seconds=0.604
cap=17s instance=collector_v2_pb_11_pe_.ltl result=REALIZABLE seconds=0.305
cap=17s instance=finding_nemo_pb_2_pe_.ltl result=REALIZABLE seconds=4.939
cap=17s instance=g-real-real.ltl result=REALIZABLE seconds=4.670
cap=17s instance=g-unreal-112.ltl result=UNREALIZABLE seconds=6.885
cap=17s instance=g-unreal-113.ltl result=UNREALIZABLE seconds=7.769
cap=17s instance=g-unreal-115.ltl result=TIMEOUT seconds=17.137
cap=17s instance=g-unreal-18.ltl result=UNREALIZABLE seconds=1.131
cap=17s instance=g-unreal-19.ltl result=UNREALIZABLE seconds=2.086
cap=17s instance=g-unreal-33.ltl result=UNREALIZABLE seconds=0.555
cap=17s instance=g-unreal-34.ltl result=UNREALIZABLE seconds=0.949
cap=17s instance=g-unreal-36.ltl result=UNREALIZABLE seconds=1.158
cap=17s instance=g-unreal-37.ltl result=UNREALIZABLE seconds=2.003
cap=17s instance=g-unreal-38.ltl result=UNREALIZABLE seconds=9.588
cap=17s instance=heim-buechi-real.ltl result=REALIZABLE seconds=2.021
cap=17s instance=heim-double-x-real.ltl result=TIMEOUT seconds=17.092
cap=17s instance=heim-double-x10.ltl result=UNREALIZABLE seconds=2.270
cap=17s instance=heim-double-x13.ltl result=UNREALIZABLE seconds=5.459
cap=17s instance=heim-double-x9.ltl result=UNREALIZABLE seconds=2.142
cap=17s instance=infinite-race-u10.ltl result=UNREALIZABLE seconds=11.298
cap=17s instance=infinite-race-u11.ltl result=UNREALIZABLE seconds=12.737
cap=17s instance=infinite-race-u6.ltl result=UNREALIZABLE seconds=1.104
cap=17s instance=infinite-race-u7.ltl result=UNREALIZABLE seconds=1.450
cap=17s instance=infinite-race-u9.ltl result=UNREALIZABLE seconds=8.689
cap=17s instance=infinite-race-unequal-25.ltl result=UNREALIZABLE seconds=12.773
cap=17s instance=lift_pb_3_pe_.ltl result=REALIZABLE seconds=0.041
cap=17s instance=lift_pb_4_pe_.ltl result=REALIZABLE seconds=0.293
cap=17s instance=lift_unary_enc_pb_3_pe_.ltl result=REALIZABLE seconds=0.076
cap=17s instance=lift_unary_enc_pb_4_pe_.ltl result=REALIZABLE seconds=10.222
cap=17s instance=load_balancer_pb_7_pe_.ltl result=REALIZABLE seconds=5.307
cap=17s instance=load_balancer_unreal1_pb_2_15_pe_.ltl result=UNREALIZABLE seconds=0.714
cap=17s instance=load_balancer_unreal1_pb_3_12_pe_.ltl result=UNREALIZABLE seconds=0.645
cap=17s instance=load_balancer_unreal1_pb_4_6_pe_.ltl result=UNREALIZABLE seconds=1.053
cap=17s instance=load_balancer_unreal1_pb_4_7_pe_.ltl result=UNREALIZABLE seconds=7.622
cap=17s instance=load_balancer_unreal1_pb_5_4_pe_.ltl result=UNREALIZABLE seconds=0.646
cap=17s instance=load_balancer_unreal1_pb_5_5_pe_.ltl result=UNREALIZABLE seconds=13.407
cap=17s instance=load_balancer_unreal2_pb_5_pe_.ltl result=UNREALIZABLE seconds=11.271
cap=17s instance=ltl2dba_C2_unreal_pb_13_pe_.ltl result=UNREALIZABLE seconds=1.200
cap=17s instance=ltl2dba_C2_unreal_pb_14_pe_.ltl result=UNREALIZABLE seconds=3.293
cap=17s instance=ltl2dba_R_pb_7_pe_.ltl result=UNREALIZABLE seconds=6.386
cap=17s instance=ltl2dba_theta_pb_14_pe_.ltl result=UNREALIZABLE seconds=13.318
cap=17s instance=ordered-visits-choice-real.ltl result=UNKNOWN seconds=0.461
cap=17s instance=patrolling-alarm17.ltl result=UNREALIZABLE seconds=0.447
cap=17s instance=patrolling-alarm18.ltl result=UNREALIZABLE seconds=0.492
cap=17s instance=patrolling-alarm19.ltl result=UNREALIZABLE seconds=0.566
cap=17s instance=patrolling-alarm20.ltl result=UNREALIZABLE seconds=0.541
cap=17s instance=patrolling-alarm21.ltl result=UNREALIZABLE seconds=0.596
cap=17s instance=patrolling-alarm22.ltl result=UNREALIZABLE seconds=0.615
cap=17s instance=patrolling-alarm23.ltl result=UNREALIZABLE seconds=0.696
cap=17s instance=patrolling-alarm24.ltl result=UNREALIZABLE seconds=0.730
cap=17s instance=patrolling-alarm25.ltl result=UNREALIZABLE seconds=0.783
cap=17s instance=patrolling-alarm26.ltl result=UNREALIZABLE seconds=0.800
cap=17s instance=patrolling17.ltl result=UNREALIZABLE seconds=0.444
cap=17s instance=patrolling18.ltl result=UNREALIZABLE seconds=0.535
cap=17s instance=patrolling19.ltl result=UNREALIZABLE seconds=0.521
cap=17s instance=patrolling20.ltl result=UNREALIZABLE seconds=0.603
cap=17s instance=patrolling21.ltl result=UNREALIZABLE seconds=0.598
cap=17s instance=patrolling22.ltl result=UNREALIZABLE seconds=0.630
cap=17s instance=patrolling23.ltl result=UNREALIZABLE seconds=0.677
cap=17s instance=patrolling24.ltl result=UNREALIZABLE seconds=0.721
cap=17s instance=patrolling25.ltl result=UNREALIZABLE seconds=0.774
cap=17s instance=robot-cat-real-1d-real.ltl result=REALIZABLE seconds=2.500
cap=17s instance=robot-grid-commute-1d-real.ltl result=REALIZABLE seconds=2.140
cap=17s instance=robot-grid-reach-2d-real.ltl result=REALIZABLE seconds=2.996
cap=17s instance=robot-grid-reach-repeated-with-obstacles-2d-real.ltl result=REALIZABLE seconds=12.754
cap=17s instance=robot-resource-2d10.ltl result=UNREALIZABLE seconds=1.581
cap=17s instance=robot-resource-2d11.ltl result=UNREALIZABLE seconds=1.881
cap=17s instance=robot-resource-2d12.ltl result=UNREALIZABLE seconds=1.849
cap=17s instance=robot-resource-2d13.ltl result=UNREALIZABLE seconds=2.111
cap=17s instance=robot-resource-2d14.ltl result=UNREALIZABLE seconds=2.205
cap=17s instance=robot-resource-2d16.ltl result=UNREALIZABLE seconds=6.702
cap=17s instance=robot-resource-2d17.ltl result=UNREALIZABLE seconds=7.763
cap=17s instance=robot-resource-2d19.ltl result=UNREALIZABLE seconds=8.332
cap=17s instance=robot-resource-2d20.ltl result=UNREALIZABLE seconds=8.830
cap=17s instance=robot-resource-2d23.ltl result=UNREALIZABLE seconds=9.525
cap=17s instance=robot-resource-2d8.ltl result=UNREALIZABLE seconds=1.375
cap=17s instance=robot-to-target-unreal0.ltl result=REALIZABLE seconds=8.475
cap=17s instance=robot_grid_pb_3_3_pe_.ltl result=REALIZABLE seconds=0.160
cap=17s instance=robot_grid_pb_4_4_pe_.ltl result=REALIZABLE seconds=1.291
cap=17s instance=robot_grid_pb_5_5_pe_.ltl result=TIMEOUT seconds=17.128
cap=17s instance=round_robin_arbiter_pb_5_pe_.ltl result=REALIZABLE seconds=13.461
cap=17s instance=round_robin_arbiter_unreal1_pb_2_15_pe_.ltl result=UNREALIZABLE seconds=1.304
cap=17s instance=round_robin_arbiter_unreal1_pb_2_16_pe_.ltl result=UNREALIZABLE seconds=2.737
cap=17s instance=round_robin_arbiter_unreal1_pb_3_6_pe_.ltl result=UNREALIZABLE seconds=1.073
cap=17s instance=round_robin_arbiter_unreal1_pb_3_7_pe_.ltl result=UNREALIZABLE seconds=7.397
cap=17s instance=round_robin_arbiter_unreal1_pb_4_4_pe_.ltl result=UNREALIZABLE seconds=1.797
cap=17s instance=rw_arbiter_pb_3_pe_.ltl result=REALIZABLE seconds=0.824
cap=17s instance=simple_arbiter_with_hints_pb_6_pe_.ltl result=REALIZABLE seconds=2.017
cap=17s instance=square5x51.ltl result=UNREALIZABLE seconds=1.210
cap=17s instance=square5x52.ltl result=UNREALIZABLE seconds=1.427
cap=17s instance=square5x53.ltl result=UNREALIZABLE seconds=4.808
cap=17s instance=thermostat-F-real.ltl result=TIMEOUT seconds=17.085
cap=17s instance=thermostat-GF-unreal0.ltl result=UNREALIZABLE seconds=1.927
cap=17s instance=tmp_13cfc6f2.ltl result=REALIZABLE seconds=0.689
cap=17s instance=unordered-visits-real.ltl result=REALIZABLE seconds=8.997
cap=17s instance=workstation_resupply_pb_1_pe_.ltl result=REALIZABLE seconds=0.026
cap=17s instance=workstation_resupply_pb_2_pe_.ltl result=REALIZABLE seconds=0.363
cap=17s instance=workstation_resupply_pb_3_pe_.ltl result=TIMEOUT seconds=17.053
cap=17s instance=workstation_resupply_pb_4_pe_.ltl result=TIMEOUT seconds=17.138
wrote /home/gperez/GIT-repos/acacia-bonsai/benchmarking/witness-lifting-20260918/opening/confirmations/17s/r3-B.tsv
wrote /home/gperez/GIT-repos/acacia-bonsai/benchmarking/witness-lifting-20260918/opening/confirmations/17s/r3-B-summary.tsv
[2026-09-21T17:58:57] end r3 B rc=0
[2026-09-21T17:58:57] start r3 S
cap=17s instance=03.ltl result=REALIZABLE seconds=3.176
cap=17s instance=10.ltl result=REALIZABLE seconds=3.473
cap=17s instance=11.ltl result=REALIZABLE seconds=3.482
cap=17s instance=12.ltl result=REALIZABLE seconds=5.008
cap=17s instance=13.ltl result=REALIZABLE seconds=5.299
cap=17s instance=Alarm_70523fbe.ltl result=REALIZABLE seconds=0.954
cap=17s instance=F-G-contradiction-16.ltl result=UNREALIZABLE seconds=9.174
cap=17s instance=F-G-contradiction-17.ltl result=UNREALIZABLE seconds=10.517
cap=17s instance=F-G-contradiction-18.ltl result=UNREALIZABLE seconds=12.237
cap=17s instance=F-G-contradiction-19.ltl result=UNREALIZABLE seconds=12.174
cap=17s instance=GF-G-contradiction3.ltl result=UNREALIZABLE seconds=1.632
cap=17s instance=GF-G-contradiction4.ltl result=UNREALIZABLE seconds=1.868
cap=17s instance=GF-G-contradiction6.ltl result=UNREALIZABLE seconds=16.306
cap=17s instance=GF-G-contradiction7.ltl result=UNREALIZABLE seconds=16.736
cap=17s instance=Morning_f2774e0b.ltl result=UNREALIZABLE seconds=3.580
cap=17s instance=SPIPureNext.ltl result=REALIZABLE seconds=0.530
cap=17s instance=amba_decomposed_arbiter_pb_6_pe_.ltl result=REALIZABLE seconds=1.189
cap=17s instance=arbiter_on_inpchange_pb_4_pe_.ltl result=REALIZABLE seconds=1.280
cap=17s instance=arbiter_with_buffer_pb_5_pe_.ltl result=REALIZABLE seconds=0.892
cap=17s instance=buffer-storage-real.ltl result=REALIZABLE seconds=0.617
cap=17s instance=chain-simple-40-real.ltl result=REALIZABLE seconds=0.516
cap=17s instance=collector_v2_pb_11_pe_.ltl result=REALIZABLE seconds=0.328
cap=17s instance=finding_nemo_pb_2_pe_.ltl result=REALIZABLE seconds=4.440
cap=17s instance=g-real-real.ltl result=REALIZABLE seconds=2.769
cap=17s instance=g-unreal-112.ltl result=UNREALIZABLE seconds=7.224
cap=17s instance=g-unreal-113.ltl result=UNREALIZABLE seconds=8.083
cap=17s instance=g-unreal-115.ltl result=UNREALIZABLE seconds=16.762
cap=17s instance=g-unreal-18.ltl result=UNREALIZABLE seconds=1.078
cap=17s instance=g-unreal-19.ltl result=UNREALIZABLE seconds=1.953
cap=17s instance=g-unreal-33.ltl result=UNREALIZABLE seconds=0.545
cap=17s instance=g-unreal-34.ltl result=UNREALIZABLE seconds=0.961
cap=17s instance=g-unreal-36.ltl result=UNREALIZABLE seconds=1.103
cap=17s instance=g-unreal-37.ltl result=UNREALIZABLE seconds=1.881
cap=17s instance=g-unreal-38.ltl result=UNREALIZABLE seconds=9.116
cap=17s instance=heim-buechi-real.ltl result=REALIZABLE seconds=2.078
cap=17s instance=heim-double-x-real.ltl result=REALIZABLE seconds=0.425
cap=17s instance=heim-double-x10.ltl result=UNREALIZABLE seconds=2.341
cap=17s instance=heim-double-x13.ltl result=UNREALIZABLE seconds=5.541
cap=17s instance=heim-double-x9.ltl result=UNREALIZABLE seconds=2.252
cap=17s instance=infinite-race-u10.ltl result=UNREALIZABLE seconds=10.784
cap=17s instance=infinite-race-u11.ltl result=UNREALIZABLE seconds=13.641
cap=17s instance=infinite-race-u6.ltl result=UNREALIZABLE seconds=1.178
cap=17s instance=infinite-race-u7.ltl result=UNREALIZABLE seconds=1.503
cap=17s instance=infinite-race-u9.ltl result=UNREALIZABLE seconds=8.957
cap=17s instance=infinite-race-unequal-25.ltl result=UNREALIZABLE seconds=13.366
cap=17s instance=lift_pb_3_pe_.ltl result=REALIZABLE seconds=0.641
cap=17s instance=lift_pb_4_pe_.ltl result=TIMEOUT seconds=17.190
cap=17s instance=lift_unary_enc_pb_3_pe_.ltl result=REALIZABLE seconds=0.665
cap=17s instance=lift_unary_enc_pb_4_pe_.ltl result=TIMEOUT seconds=17.135
cap=17s instance=load_balancer_pb_7_pe_.ltl result=REALIZABLE seconds=4.957
cap=17s instance=load_balancer_unreal1_pb_2_15_pe_.ltl result=UNREALIZABLE seconds=0.772
cap=17s instance=load_balancer_unreal1_pb_3_12_pe_.ltl result=UNREALIZABLE seconds=0.649
cap=17s instance=load_balancer_unreal1_pb_4_6_pe_.ltl result=UNREALIZABLE seconds=1.049
cap=17s instance=load_balancer_unreal1_pb_4_7_pe_.ltl result=UNREALIZABLE seconds=8.150
cap=17s instance=load_balancer_unreal1_pb_5_4_pe_.ltl result=UNREALIZABLE seconds=0.705
cap=17s instance=load_balancer_unreal1_pb_5_5_pe_.ltl result=UNREALIZABLE seconds=14.748
cap=17s instance=load_balancer_unreal2_pb_5_pe_.ltl result=UNREALIZABLE seconds=11.703
cap=17s instance=ltl2dba_C2_unreal_pb_13_pe_.ltl result=UNREALIZABLE seconds=1.260
cap=17s instance=ltl2dba_C2_unreal_pb_14_pe_.ltl result=UNREALIZABLE seconds=3.239
cap=17s instance=ltl2dba_R_pb_7_pe_.ltl result=UNREALIZABLE seconds=6.608
cap=17s instance=ltl2dba_theta_pb_14_pe_.ltl result=UNREALIZABLE seconds=13.606
cap=17s instance=ordered-visits-choice-real.ltl result=REALIZABLE seconds=0.021
cap=17s instance=patrolling-alarm17.ltl result=UNREALIZABLE seconds=0.445
cap=17s instance=patrolling-alarm18.ltl result=UNREALIZABLE seconds=0.504
cap=17s instance=patrolling-alarm19.ltl result=UNREALIZABLE seconds=0.551
cap=17s instance=patrolling-alarm20.ltl result=UNREALIZABLE seconds=0.609
cap=17s instance=patrolling-alarm21.ltl result=UNREALIZABLE seconds=0.599
cap=17s instance=patrolling-alarm22.ltl result=UNREALIZABLE seconds=0.640
cap=17s instance=patrolling-alarm23.ltl result=UNREALIZABLE seconds=0.662
cap=17s instance=patrolling-alarm24.ltl result=UNREALIZABLE seconds=0.704
cap=17s instance=patrolling-alarm25.ltl result=UNREALIZABLE seconds=0.761
cap=17s instance=patrolling-alarm26.ltl result=UNREALIZABLE seconds=0.810
cap=17s instance=patrolling17.ltl result=UNREALIZABLE seconds=0.460
cap=17s instance=patrolling18.ltl result=UNREALIZABLE seconds=0.519
cap=17s instance=patrolling19.ltl result=UNREALIZABLE seconds=0.527
cap=17s instance=patrolling20.ltl result=UNREALIZABLE seconds=0.554
cap=17s instance=patrolling21.ltl result=UNREALIZABLE seconds=0.625
cap=17s instance=patrolling22.ltl result=UNREALIZABLE seconds=0.615
cap=17s instance=patrolling23.ltl result=UNREALIZABLE seconds=0.711
cap=17s instance=patrolling24.ltl result=UNREALIZABLE seconds=0.760
cap=17s instance=patrolling25.ltl result=UNREALIZABLE seconds=0.772
cap=17s instance=robot-cat-real-1d-real.ltl result=REALIZABLE seconds=2.305
cap=17s instance=robot-grid-commute-1d-real.ltl result=REALIZABLE seconds=1.733
cap=17s instance=robot-grid-reach-2d-real.ltl result=REALIZABLE seconds=2.932
cap=17s instance=robot-grid-reach-repeated-with-obstacles-2d-real.ltl result=REALIZABLE seconds=7.513
cap=17s instance=robot-resource-2d10.ltl result=UNREALIZABLE seconds=1.721
cap=17s instance=robot-resource-2d11.ltl result=UNREALIZABLE seconds=1.761
cap=17s instance=robot-resource-2d12.ltl result=UNREALIZABLE seconds=1.922
cap=17s instance=robot-resource-2d13.ltl result=UNREALIZABLE seconds=2.004
cap=17s instance=robot-resource-2d14.ltl result=UNREALIZABLE seconds=2.263
cap=17s instance=robot-resource-2d16.ltl result=UNREALIZABLE seconds=6.819
cap=17s instance=robot-resource-2d17.ltl result=UNREALIZABLE seconds=7.538
cap=17s instance=robot-resource-2d19.ltl result=UNREALIZABLE seconds=7.837
cap=17s instance=robot-resource-2d20.ltl result=UNREALIZABLE seconds=9.003
cap=17s instance=robot-resource-2d23.ltl result=UNREALIZABLE seconds=9.614
cap=17s instance=robot-resource-2d8.ltl result=UNREALIZABLE seconds=1.381
cap=17s instance=robot-to-target-unreal0.ltl result=REALIZABLE seconds=8.526
cap=17s instance=robot_grid_pb_3_3_pe_.ltl result=REALIZABLE seconds=0.267
cap=17s instance=robot_grid_pb_4_4_pe_.ltl result=REALIZABLE seconds=1.703
cap=17s instance=robot_grid_pb_5_5_pe_.ltl result=REALIZABLE seconds=9.193
cap=17s instance=round_robin_arbiter_pb_5_pe_.ltl result=REALIZABLE seconds=13.111
cap=17s instance=round_robin_arbiter_unreal1_pb_2_15_pe_.ltl result=UNREALIZABLE seconds=1.386
cap=17s instance=round_robin_arbiter_unreal1_pb_2_16_pe_.ltl result=UNREALIZABLE seconds=3.105
cap=17s instance=round_robin_arbiter_unreal1_pb_3_6_pe_.ltl result=UNREALIZABLE seconds=1.049
cap=17s instance=round_robin_arbiter_unreal1_pb_3_7_pe_.ltl result=UNREALIZABLE seconds=7.672
cap=17s instance=round_robin_arbiter_unreal1_pb_4_4_pe_.ltl result=UNREALIZABLE seconds=1.691
cap=17s instance=rw_arbiter_pb_3_pe_.ltl result=REALIZABLE seconds=0.748
cap=17s instance=simple_arbiter_with_hints_pb_6_pe_.ltl result=REALIZABLE seconds=2.031
cap=17s instance=square5x51.ltl result=UNREALIZABLE seconds=1.123
cap=17s instance=square5x52.ltl result=UNREALIZABLE seconds=1.424
cap=17s instance=square5x53.ltl result=UNREALIZABLE seconds=4.898
cap=17s instance=thermostat-F-real.ltl result=REALIZABLE seconds=1.531
cap=17s instance=thermostat-GF-unreal0.ltl result=UNREALIZABLE seconds=1.952
cap=17s instance=tmp_13cfc6f2.ltl result=REALIZABLE seconds=0.737
cap=17s instance=unordered-visits-real.ltl result=REALIZABLE seconds=8.755
cap=17s instance=workstation_resupply_pb_1_pe_.ltl result=REALIZABLE seconds=0.032
cap=17s instance=workstation_resupply_pb_2_pe_.ltl result=REALIZABLE seconds=0.318
cap=17s instance=workstation_resupply_pb_3_pe_.ltl result=TIMEOUT seconds=17.053
cap=17s instance=workstation_resupply_pb_4_pe_.ltl result=TIMEOUT seconds=17.125
wrote /home/gperez/GIT-repos/acacia-bonsai/benchmarking/witness-lifting-20260918/opening/confirmations/17s/r3-S.tsv
wrote /home/gperez/GIT-repos/acacia-bonsai/benchmarking/witness-lifting-20260918/opening/confirmations/17s/r3-S-summary.tsv
[2026-09-21T18:07:35] end r3 S rc=0
[2026-09-21T18:07:35] start r4 S
cap=17s instance=03.ltl result=REALIZABLE seconds=2.992
cap=17s instance=10.ltl result=REALIZABLE seconds=3.616
cap=17s instance=11.ltl result=REALIZABLE seconds=3.446
cap=17s instance=12.ltl result=REALIZABLE seconds=5.394
cap=17s instance=13.ltl result=REALIZABLE seconds=5.241
cap=17s instance=Alarm_70523fbe.ltl result=REALIZABLE seconds=0.977
cap=17s instance=F-G-contradiction-16.ltl result=UNREALIZABLE seconds=9.350
cap=17s instance=F-G-contradiction-17.ltl result=UNREALIZABLE seconds=10.116
cap=17s instance=F-G-contradiction-18.ltl result=UNREALIZABLE seconds=12.583
cap=17s instance=F-G-contradiction-19.ltl result=UNREALIZABLE seconds=11.851
cap=17s instance=GF-G-contradiction3.ltl result=UNREALIZABLE seconds=1.688
cap=17s instance=GF-G-contradiction4.ltl result=UNREALIZABLE seconds=1.750
cap=17s instance=GF-G-contradiction6.ltl result=UNREALIZABLE seconds=16.525
cap=17s instance=GF-G-contradiction7.ltl result=TIMEOUT seconds=17.085
cap=17s instance=Morning_f2774e0b.ltl result=UNREALIZABLE seconds=3.558
cap=17s instance=SPIPureNext.ltl result=REALIZABLE seconds=0.530
cap=17s instance=amba_decomposed_arbiter_pb_6_pe_.ltl result=REALIZABLE seconds=1.134
cap=17s instance=arbiter_on_inpchange_pb_4_pe_.ltl result=REALIZABLE seconds=1.319
cap=17s instance=arbiter_with_buffer_pb_5_pe_.ltl result=REALIZABLE seconds=0.824
cap=17s instance=buffer-storage-real.ltl result=REALIZABLE seconds=0.640
cap=17s instance=chain-simple-40-real.ltl result=REALIZABLE seconds=0.571
cap=17s instance=collector_v2_pb_11_pe_.ltl result=REALIZABLE seconds=0.320
cap=17s instance=finding_nemo_pb_2_pe_.ltl result=REALIZABLE seconds=4.721
cap=17s instance=g-real-real.ltl result=REALIZABLE seconds=2.752
cap=17s instance=g-unreal-112.ltl result=UNREALIZABLE seconds=6.392
cap=17s instance=g-unreal-113.ltl result=UNREALIZABLE seconds=7.354
cap=17s instance=g-unreal-115.ltl result=TIMEOUT seconds=17.143
cap=17s instance=g-unreal-18.ltl result=UNREALIZABLE seconds=1.134
cap=17s instance=g-unreal-19.ltl result=UNREALIZABLE seconds=2.094
cap=17s instance=g-unreal-33.ltl result=UNREALIZABLE seconds=0.581
cap=17s instance=g-unreal-34.ltl result=UNREALIZABLE seconds=0.848
cap=17s instance=g-unreal-36.ltl result=UNREALIZABLE seconds=1.133
cap=17s instance=g-unreal-37.ltl result=UNREALIZABLE seconds=1.883
cap=17s instance=g-unreal-38.ltl result=UNREALIZABLE seconds=9.632
cap=17s instance=heim-buechi-real.ltl result=REALIZABLE seconds=2.113
cap=17s instance=heim-double-x-real.ltl result=REALIZABLE seconds=0.397
cap=17s instance=heim-double-x10.ltl result=UNREALIZABLE seconds=2.422
cap=17s instance=heim-double-x13.ltl result=UNREALIZABLE seconds=5.617
cap=17s instance=heim-double-x9.ltl result=UNREALIZABLE seconds=2.045
cap=17s instance=infinite-race-u10.ltl result=UNREALIZABLE seconds=10.686
cap=17s instance=infinite-race-u11.ltl result=UNREALIZABLE seconds=13.180
cap=17s instance=infinite-race-u6.ltl result=UNREALIZABLE seconds=1.160
cap=17s instance=infinite-race-u7.ltl result=UNREALIZABLE seconds=1.611
cap=17s instance=infinite-race-u9.ltl result=UNREALIZABLE seconds=9.479
cap=17s instance=infinite-race-unequal-25.ltl result=UNREALIZABLE seconds=13.013
cap=17s instance=lift_pb_3_pe_.ltl result=REALIZABLE seconds=0.615
cap=17s instance=lift_pb_4_pe_.ltl result=TIMEOUT seconds=17.196
cap=17s instance=lift_unary_enc_pb_3_pe_.ltl result=REALIZABLE seconds=0.723
cap=17s instance=lift_unary_enc_pb_4_pe_.ltl result=TIMEOUT seconds=17.136
cap=17s instance=load_balancer_pb_7_pe_.ltl result=REALIZABLE seconds=4.954
cap=17s instance=load_balancer_unreal1_pb_2_15_pe_.ltl result=UNREALIZABLE seconds=0.706
cap=17s instance=load_balancer_unreal1_pb_3_12_pe_.ltl result=UNREALIZABLE seconds=0.659
cap=17s instance=load_balancer_unreal1_pb_4_6_pe_.ltl result=UNREALIZABLE seconds=1.107
cap=17s instance=load_balancer_unreal1_pb_4_7_pe_.ltl result=UNREALIZABLE seconds=7.943
cap=17s instance=load_balancer_unreal1_pb_5_4_pe_.ltl result=UNREALIZABLE seconds=0.735
cap=17s instance=load_balancer_unreal1_pb_5_5_pe_.ltl result=UNREALIZABLE seconds=14.921
cap=17s instance=load_balancer_unreal2_pb_5_pe_.ltl result=UNREALIZABLE seconds=11.577
cap=17s instance=ltl2dba_C2_unreal_pb_13_pe_.ltl result=UNREALIZABLE seconds=1.215
cap=17s instance=ltl2dba_C2_unreal_pb_14_pe_.ltl result=UNREALIZABLE seconds=3.203
cap=17s instance=ltl2dba_R_pb_7_pe_.ltl result=UNREALIZABLE seconds=5.985
cap=17s instance=ltl2dba_theta_pb_14_pe_.ltl result=UNREALIZABLE seconds=13.827
cap=17s instance=ordered-visits-choice-real.ltl result=REALIZABLE seconds=0.026
cap=17s instance=patrolling-alarm17.ltl result=UNREALIZABLE seconds=0.474
cap=17s instance=patrolling-alarm18.ltl result=UNREALIZABLE seconds=0.513
cap=17s instance=patrolling-alarm19.ltl result=UNREALIZABLE seconds=0.566
cap=17s instance=patrolling-alarm20.ltl result=UNREALIZABLE seconds=0.595
cap=17s instance=patrolling-alarm21.ltl result=UNREALIZABLE seconds=0.646
cap=17s instance=patrolling-alarm22.ltl result=UNREALIZABLE seconds=0.628
cap=17s instance=patrolling-alarm23.ltl result=UNREALIZABLE seconds=0.729
cap=17s instance=patrolling-alarm24.ltl result=UNREALIZABLE seconds=0.679
cap=17s instance=patrolling-alarm25.ltl result=UNREALIZABLE seconds=0.785
cap=17s instance=patrolling-alarm26.ltl result=UNREALIZABLE seconds=0.782
cap=17s instance=patrolling17.ltl result=UNREALIZABLE seconds=0.445
cap=17s instance=patrolling18.ltl result=UNREALIZABLE seconds=0.499
cap=17s instance=patrolling19.ltl result=UNREALIZABLE seconds=0.536
cap=17s instance=patrolling20.ltl result=UNREALIZABLE seconds=0.593
cap=17s instance=patrolling21.ltl result=UNREALIZABLE seconds=0.613
cap=17s instance=patrolling22.ltl result=UNREALIZABLE seconds=0.693
cap=17s instance=patrolling23.ltl result=UNREALIZABLE seconds=0.730
cap=17s instance=patrolling24.ltl result=UNREALIZABLE seconds=0.754
cap=17s instance=patrolling25.ltl result=UNREALIZABLE seconds=0.746
cap=17s instance=robot-cat-real-1d-real.ltl result=REALIZABLE seconds=2.273
cap=17s instance=robot-grid-commute-1d-real.ltl result=REALIZABLE seconds=1.797
cap=17s instance=robot-grid-reach-2d-real.ltl result=REALIZABLE seconds=2.824
cap=17s instance=robot-grid-reach-repeated-with-obstacles-2d-real.ltl result=REALIZABLE seconds=8.294
cap=17s instance=robot-resource-2d10.ltl result=UNREALIZABLE seconds=1.781
cap=17s instance=robot-resource-2d11.ltl result=UNREALIZABLE seconds=1.652
cap=17s instance=robot-resource-2d12.ltl result=UNREALIZABLE seconds=1.868
cap=17s instance=robot-resource-2d13.ltl result=UNREALIZABLE seconds=2.035
cap=17s instance=robot-resource-2d14.ltl result=UNREALIZABLE seconds=2.082
cap=17s instance=robot-resource-2d16.ltl result=UNREALIZABLE seconds=6.845
cap=17s instance=robot-resource-2d17.ltl result=UNREALIZABLE seconds=7.340
cap=17s instance=robot-resource-2d19.ltl result=UNREALIZABLE seconds=7.776
cap=17s instance=robot-resource-2d20.ltl result=UNREALIZABLE seconds=8.327
cap=17s instance=robot-resource-2d23.ltl result=UNREALIZABLE seconds=9.758
cap=17s instance=robot-resource-2d8.ltl result=UNREALIZABLE seconds=1.355
cap=17s instance=robot-to-target-unreal0.ltl result=REALIZABLE seconds=8.068
cap=17s instance=robot_grid_pb_3_3_pe_.ltl result=REALIZABLE seconds=0.262
cap=17s instance=robot_grid_pb_4_4_pe_.ltl result=REALIZABLE seconds=1.869
cap=17s instance=robot_grid_pb_5_5_pe_.ltl result=REALIZABLE seconds=9.471
cap=17s instance=round_robin_arbiter_pb_5_pe_.ltl result=REALIZABLE seconds=13.829
cap=17s instance=round_robin_arbiter_unreal1_pb_2_15_pe_.ltl result=UNREALIZABLE seconds=1.292
cap=17s instance=round_robin_arbiter_unreal1_pb_2_16_pe_.ltl result=UNREALIZABLE seconds=2.818
cap=17s instance=round_robin_arbiter_unreal1_pb_3_6_pe_.ltl result=UNREALIZABLE seconds=1.051
cap=17s instance=round_robin_arbiter_unreal1_pb_3_7_pe_.ltl result=UNREALIZABLE seconds=7.209
cap=17s instance=round_robin_arbiter_unreal1_pb_4_4_pe_.ltl result=UNREALIZABLE seconds=1.681
cap=17s instance=rw_arbiter_pb_3_pe_.ltl result=REALIZABLE seconds=0.726
cap=17s instance=simple_arbiter_with_hints_pb_6_pe_.ltl result=REALIZABLE seconds=1.983
cap=17s instance=square5x51.ltl result=UNREALIZABLE seconds=1.150
cap=17s instance=square5x52.ltl result=UNREALIZABLE seconds=1.350
cap=17s instance=square5x53.ltl result=UNREALIZABLE seconds=4.917
cap=17s instance=thermostat-F-real.ltl result=REALIZABLE seconds=1.495
cap=17s instance=thermostat-GF-unreal0.ltl result=UNREALIZABLE seconds=1.817
cap=17s instance=tmp_13cfc6f2.ltl result=REALIZABLE seconds=0.772
cap=17s instance=unordered-visits-real.ltl result=REALIZABLE seconds=8.367
cap=17s instance=workstation_resupply_pb_1_pe_.ltl result=REALIZABLE seconds=0.025
cap=17s instance=workstation_resupply_pb_2_pe_.ltl result=REALIZABLE seconds=0.311
cap=17s instance=workstation_resupply_pb_3_pe_.ltl result=REALIZABLE seconds=16.731
cap=17s instance=workstation_resupply_pb_4_pe_.ltl result=TIMEOUT seconds=17.139
wrote /home/gperez/GIT-repos/acacia-bonsai/benchmarking/witness-lifting-20260918/opening/confirmations/17s/r4-S.tsv
wrote /home/gperez/GIT-repos/acacia-bonsai/benchmarking/witness-lifting-20260918/opening/confirmations/17s/r4-S-summary.tsv
[2026-09-21T18:16:10] end r4 S rc=0
[2026-09-21T18:16:10] start r4 B
cap=17s instance=03.ltl result=REALIZABLE seconds=3.329
cap=17s instance=10.ltl result=REALIZABLE seconds=3.248
cap=17s instance=11.ltl result=REALIZABLE seconds=3.233
cap=17s instance=12.ltl result=REALIZABLE seconds=5.525
cap=17s instance=13.ltl result=REALIZABLE seconds=5.426
cap=17s instance=Alarm_70523fbe.ltl result=REALIZABLE seconds=1.016
cap=17s instance=F-G-contradiction-16.ltl result=UNREALIZABLE seconds=9.526
cap=17s instance=F-G-contradiction-17.ltl result=UNREALIZABLE seconds=10.060
cap=17s instance=F-G-contradiction-18.ltl result=UNREALIZABLE seconds=12.407
cap=17s instance=F-G-contradiction-19.ltl result=UNREALIZABLE seconds=13.167
cap=17s instance=GF-G-contradiction3.ltl result=UNREALIZABLE seconds=1.805
cap=17s instance=GF-G-contradiction4.ltl result=UNREALIZABLE seconds=1.805
cap=17s instance=GF-G-contradiction6.ltl result=UNREALIZABLE seconds=15.517
cap=17s instance=GF-G-contradiction7.ltl result=TIMEOUT seconds=17.085
cap=17s instance=Morning_f2774e0b.ltl result=UNREALIZABLE seconds=3.714
cap=17s instance=SPIPureNext.ltl result=TIMEOUT seconds=17.054
cap=17s instance=amba_decomposed_arbiter_pb_6_pe_.ltl result=REALIZABLE seconds=1.274
cap=17s instance=arbiter_on_inpchange_pb_4_pe_.ltl result=REALIZABLE seconds=0.778
cap=17s instance=arbiter_with_buffer_pb_5_pe_.ltl result=REALIZABLE seconds=0.946
cap=17s instance=buffer-storage-real.ltl result=REALIZABLE seconds=0.675
cap=17s instance=chain-simple-40-real.ltl result=REALIZABLE seconds=0.589
cap=17s instance=collector_v2_pb_11_pe_.ltl result=REALIZABLE seconds=0.316
cap=17s instance=finding_nemo_pb_2_pe_.ltl result=REALIZABLE seconds=5.011
cap=17s instance=g-real-real.ltl result=REALIZABLE seconds=4.425
cap=17s instance=g-unreal-112.ltl result=UNREALIZABLE seconds=6.792
cap=17s instance=g-unreal-113.ltl result=UNREALIZABLE seconds=7.737
cap=17s instance=g-unreal-115.ltl result=TIMEOUT seconds=17.145
cap=17s instance=g-unreal-18.ltl result=UNREALIZABLE seconds=1.250
cap=17s instance=g-unreal-19.ltl result=UNREALIZABLE seconds=2.017
cap=17s instance=g-unreal-33.ltl result=UNREALIZABLE seconds=0.551
cap=17s instance=g-unreal-34.ltl result=UNREALIZABLE seconds=0.885
cap=17s instance=g-unreal-36.ltl result=UNREALIZABLE seconds=1.083
cap=17s instance=g-unreal-37.ltl result=UNREALIZABLE seconds=1.867
cap=17s instance=g-unreal-38.ltl result=UNREALIZABLE seconds=9.080
cap=17s instance=heim-buechi-real.ltl result=REALIZABLE seconds=2.014
cap=17s instance=heim-double-x-real.ltl result=TIMEOUT seconds=17.091
cap=17s instance=heim-double-x10.ltl result=UNREALIZABLE seconds=2.483
cap=17s instance=heim-double-x13.ltl result=UNREALIZABLE seconds=5.814
cap=17s instance=heim-double-x9.ltl result=UNREALIZABLE seconds=2.060
cap=17s instance=infinite-race-u10.ltl result=UNREALIZABLE seconds=10.025
cap=17s instance=infinite-race-u11.ltl result=UNREALIZABLE seconds=13.308
cap=17s instance=infinite-race-u6.ltl result=UNREALIZABLE seconds=1.066
cap=17s instance=infinite-race-u7.ltl result=UNREALIZABLE seconds=1.600
cap=17s instance=infinite-race-u9.ltl result=UNREALIZABLE seconds=8.934
cap=17s instance=infinite-race-unequal-25.ltl result=UNREALIZABLE seconds=13.089
cap=17s instance=lift_pb_3_pe_.ltl result=REALIZABLE seconds=0.044
cap=17s instance=lift_pb_4_pe_.ltl result=REALIZABLE seconds=0.274
cap=17s instance=lift_unary_enc_pb_3_pe_.ltl result=REALIZABLE seconds=0.085
cap=17s instance=lift_unary_enc_pb_4_pe_.ltl result=REALIZABLE seconds=10.019
cap=17s instance=load_balancer_pb_7_pe_.ltl result=REALIZABLE seconds=5.128
cap=17s instance=load_balancer_unreal1_pb_2_15_pe_.ltl result=UNREALIZABLE seconds=0.702
cap=17s instance=load_balancer_unreal1_pb_3_12_pe_.ltl result=UNREALIZABLE seconds=0.636
cap=17s instance=load_balancer_unreal1_pb_4_6_pe_.ltl result=UNREALIZABLE seconds=1.057
cap=17s instance=load_balancer_unreal1_pb_4_7_pe_.ltl result=UNREALIZABLE seconds=7.730
cap=17s instance=load_balancer_unreal1_pb_5_4_pe_.ltl result=UNREALIZABLE seconds=0.698
cap=17s instance=load_balancer_unreal1_pb_5_5_pe_.ltl result=UNREALIZABLE seconds=13.592
cap=17s instance=load_balancer_unreal2_pb_5_pe_.ltl result=UNREALIZABLE seconds=12.125
cap=17s instance=ltl2dba_C2_unreal_pb_13_pe_.ltl result=UNREALIZABLE seconds=1.201
cap=17s instance=ltl2dba_C2_unreal_pb_14_pe_.ltl result=UNREALIZABLE seconds=3.212
cap=17s instance=ltl2dba_R_pb_7_pe_.ltl result=UNREALIZABLE seconds=6.520
cap=17s instance=ltl2dba_theta_pb_14_pe_.ltl result=UNREALIZABLE seconds=14.048
cap=17s instance=ordered-visits-choice-real.ltl result=UNKNOWN seconds=0.459
cap=17s instance=patrolling-alarm17.ltl result=UNREALIZABLE seconds=0.426
cap=17s instance=patrolling-alarm18.ltl result=UNREALIZABLE seconds=0.483
cap=17s instance=patrolling-alarm19.ltl result=UNREALIZABLE seconds=0.513
cap=17s instance=patrolling-alarm20.ltl result=UNREALIZABLE seconds=0.534
cap=17s instance=patrolling-alarm21.ltl result=UNREALIZABLE seconds=0.586
cap=17s instance=patrolling-alarm22.ltl result=UNREALIZABLE seconds=0.596
cap=17s instance=patrolling-alarm23.ltl result=UNREALIZABLE seconds=0.658
cap=17s instance=patrolling-alarm24.ltl result=UNREALIZABLE seconds=0.701
cap=17s instance=patrolling-alarm25.ltl result=UNREALIZABLE seconds=0.740
cap=17s instance=patrolling-alarm26.ltl result=UNREALIZABLE seconds=0.829
cap=17s instance=patrolling17.ltl result=UNREALIZABLE seconds=0.425
cap=17s instance=patrolling18.ltl result=UNREALIZABLE seconds=0.499
cap=17s instance=patrolling19.ltl result=UNREALIZABLE seconds=0.507
cap=17s instance=patrolling20.ltl result=UNREALIZABLE seconds=0.567
cap=17s instance=patrolling21.ltl result=UNREALIZABLE seconds=0.657
cap=17s instance=patrolling22.ltl result=UNREALIZABLE seconds=0.640
cap=17s instance=patrolling23.ltl result=UNREALIZABLE seconds=0.691
cap=17s instance=patrolling24.ltl result=UNREALIZABLE seconds=0.719
cap=17s instance=patrolling25.ltl result=UNREALIZABLE seconds=0.762
cap=17s instance=robot-cat-real-1d-real.ltl result=REALIZABLE seconds=2.523
cap=17s instance=robot-grid-commute-1d-real.ltl result=REALIZABLE seconds=2.079
cap=17s instance=robot-grid-reach-2d-real.ltl result=REALIZABLE seconds=2.996
cap=17s instance=robot-grid-reach-repeated-with-obstacles-2d-real.ltl result=REALIZABLE seconds=12.470
cap=17s instance=robot-resource-2d10.ltl result=UNREALIZABLE seconds=1.699
cap=17s instance=robot-resource-2d11.ltl result=UNREALIZABLE seconds=1.773
cap=17s instance=robot-resource-2d12.ltl result=UNREALIZABLE seconds=1.933
cap=17s instance=robot-resource-2d13.ltl result=UNREALIZABLE seconds=2.090
cap=17s instance=robot-resource-2d14.ltl result=UNREALIZABLE seconds=2.357
cap=17s instance=robot-resource-2d16.ltl result=UNREALIZABLE seconds=6.885
cap=17s instance=robot-resource-2d17.ltl result=UNREALIZABLE seconds=7.363
cap=17s instance=robot-resource-2d19.ltl result=UNREALIZABLE seconds=7.970
cap=17s instance=robot-resource-2d20.ltl result=UNREALIZABLE seconds=8.822
cap=17s instance=robot-resource-2d23.ltl result=UNREALIZABLE seconds=9.481
cap=17s instance=robot-resource-2d8.ltl result=UNREALIZABLE seconds=1.280
cap=17s instance=robot-to-target-unreal0.ltl result=REALIZABLE seconds=8.294
cap=17s instance=robot_grid_pb_3_3_pe_.ltl result=REALIZABLE seconds=0.154
cap=17s instance=robot_grid_pb_4_4_pe_.ltl result=REALIZABLE seconds=1.383
cap=17s instance=robot_grid_pb_5_5_pe_.ltl result=TIMEOUT seconds=17.144
cap=17s instance=round_robin_arbiter_pb_5_pe_.ltl result=REALIZABLE seconds=14.530
cap=17s instance=round_robin_arbiter_unreal1_pb_2_15_pe_.ltl result=UNREALIZABLE seconds=1.271
cap=17s instance=round_robin_arbiter_unreal1_pb_2_16_pe_.ltl result=UNREALIZABLE seconds=2.848
cap=17s instance=round_robin_arbiter_unreal1_pb_3_6_pe_.ltl result=UNREALIZABLE seconds=1.063
cap=17s instance=round_robin_arbiter_unreal1_pb_3_7_pe_.ltl result=UNREALIZABLE seconds=7.599
cap=17s instance=round_robin_arbiter_unreal1_pb_4_4_pe_.ltl result=UNREALIZABLE seconds=1.737
cap=17s instance=rw_arbiter_pb_3_pe_.ltl result=REALIZABLE seconds=0.760
cap=17s instance=simple_arbiter_with_hints_pb_6_pe_.ltl result=REALIZABLE seconds=2.089
cap=17s instance=square5x51.ltl result=UNREALIZABLE seconds=1.103
cap=17s instance=square5x52.ltl result=UNREALIZABLE seconds=1.375
cap=17s instance=square5x53.ltl result=UNREALIZABLE seconds=5.135
cap=17s instance=thermostat-F-real.ltl result=TIMEOUT seconds=17.085
cap=17s instance=thermostat-GF-unreal0.ltl result=UNREALIZABLE seconds=1.968
cap=17s instance=tmp_13cfc6f2.ltl result=REALIZABLE seconds=0.734
cap=17s instance=unordered-visits-real.ltl result=REALIZABLE seconds=8.796
cap=17s instance=workstation_resupply_pb_1_pe_.ltl result=REALIZABLE seconds=0.031
cap=17s instance=workstation_resupply_pb_2_pe_.ltl result=REALIZABLE seconds=0.329
cap=17s instance=workstation_resupply_pb_3_pe_.ltl result=TIMEOUT seconds=17.053
cap=17s instance=workstation_resupply_pb_4_pe_.ltl result=TIMEOUT seconds=17.126
wrote /home/gperez/GIT-repos/acacia-bonsai/benchmarking/witness-lifting-20260918/opening/confirmations/17s/r4-B.tsv
wrote /home/gperez/GIT-repos/acacia-bonsai/benchmarking/witness-lifting-20260918/opening/confirmations/17s/r4-B-summary.tsv
[2026-09-21T18:25:27] end r4 B rc=0
[2026-09-21T18:25:27] start r5 B
cap=17s instance=03.ltl result=REALIZABLE seconds=3.256
cap=17s instance=10.ltl result=REALIZABLE seconds=3.571
cap=17s instance=11.ltl result=REALIZABLE seconds=3.263
cap=17s instance=12.ltl result=REALIZABLE seconds=4.927
cap=17s instance=13.ltl result=REALIZABLE seconds=5.104
cap=17s instance=Alarm_70523fbe.ltl result=REALIZABLE seconds=0.978
cap=17s instance=F-G-contradiction-16.ltl result=UNREALIZABLE seconds=8.920
cap=17s instance=F-G-contradiction-17.ltl result=UNREALIZABLE seconds=10.620
cap=17s instance=F-G-contradiction-18.ltl result=UNREALIZABLE seconds=11.852
cap=17s instance=F-G-contradiction-19.ltl result=UNREALIZABLE seconds=12.398
cap=17s instance=GF-G-contradiction3.ltl result=UNREALIZABLE seconds=1.650
cap=17s instance=GF-G-contradiction4.ltl result=UNREALIZABLE seconds=1.782
cap=17s instance=GF-G-contradiction6.ltl result=UNREALIZABLE seconds=16.392
cap=17s instance=GF-G-contradiction7.ltl result=TIMEOUT seconds=17.086
cap=17s instance=Morning_f2774e0b.ltl result=UNREALIZABLE seconds=3.539
cap=17s instance=SPIPureNext.ltl result=TIMEOUT seconds=17.053
cap=17s instance=amba_decomposed_arbiter_pb_6_pe_.ltl result=REALIZABLE seconds=1.165
cap=17s instance=arbiter_on_inpchange_pb_4_pe_.ltl result=REALIZABLE seconds=0.799
cap=17s instance=arbiter_with_buffer_pb_5_pe_.ltl result=REALIZABLE seconds=0.957
cap=17s instance=buffer-storage-real.ltl result=REALIZABLE seconds=0.574
cap=17s instance=chain-simple-40-real.ltl result=REALIZABLE seconds=0.532
cap=17s instance=collector_v2_pb_11_pe_.ltl result=REALIZABLE seconds=0.322
cap=17s instance=finding_nemo_pb_2_pe_.ltl result=REALIZABLE seconds=4.391
cap=17s instance=g-real-real.ltl result=REALIZABLE seconds=4.325
cap=17s instance=g-unreal-112.ltl result=UNREALIZABLE seconds=6.636
cap=17s instance=g-unreal-113.ltl result=UNREALIZABLE seconds=7.546
cap=17s instance=g-unreal-115.ltl result=TIMEOUT seconds=17.142
cap=17s instance=g-unreal-18.ltl result=UNREALIZABLE seconds=1.140
cap=17s instance=g-unreal-19.ltl result=UNREALIZABLE seconds=2.062
cap=17s instance=g-unreal-33.ltl result=UNREALIZABLE seconds=0.558
cap=17s instance=g-unreal-34.ltl result=UNREALIZABLE seconds=0.944
cap=17s instance=g-unreal-36.ltl result=UNREALIZABLE seconds=1.167
cap=17s instance=g-unreal-37.ltl result=UNREALIZABLE seconds=1.996
cap=17s instance=g-unreal-38.ltl result=UNREALIZABLE seconds=9.150
cap=17s instance=heim-buechi-real.ltl result=REALIZABLE seconds=2.015
cap=17s instance=heim-double-x-real.ltl result=TIMEOUT seconds=17.079
cap=17s instance=heim-double-x10.ltl result=UNREALIZABLE seconds=2.227
cap=17s instance=heim-double-x13.ltl result=UNREALIZABLE seconds=5.355
cap=17s instance=heim-double-x9.ltl result=UNREALIZABLE seconds=2.003
cap=17s instance=infinite-race-u10.ltl result=UNREALIZABLE seconds=10.778
cap=17s instance=infinite-race-u11.ltl result=UNREALIZABLE seconds=14.458
cap=17s instance=infinite-race-u6.ltl result=UNREALIZABLE seconds=1.054
cap=17s instance=infinite-race-u7.ltl result=UNREALIZABLE seconds=1.646
cap=17s instance=infinite-race-u9.ltl result=UNREALIZABLE seconds=8.592
cap=17s instance=infinite-race-unequal-25.ltl result=UNREALIZABLE seconds=13.131
cap=17s instance=lift_pb_3_pe_.ltl result=REALIZABLE seconds=0.041
cap=17s instance=lift_pb_4_pe_.ltl result=REALIZABLE seconds=0.285
cap=17s instance=lift_unary_enc_pb_3_pe_.ltl result=REALIZABLE seconds=0.071
cap=17s instance=lift_unary_enc_pb_4_pe_.ltl result=REALIZABLE seconds=10.076
cap=17s instance=load_balancer_pb_7_pe_.ltl result=REALIZABLE seconds=5.368
cap=17s instance=load_balancer_unreal1_pb_2_15_pe_.ltl result=UNREALIZABLE seconds=0.741
cap=17s instance=load_balancer_unreal1_pb_3_12_pe_.ltl result=UNREALIZABLE seconds=0.627
cap=17s instance=load_balancer_unreal1_pb_4_6_pe_.ltl result=UNREALIZABLE seconds=1.138
cap=17s instance=load_balancer_unreal1_pb_4_7_pe_.ltl result=UNREALIZABLE seconds=7.700
cap=17s instance=load_balancer_unreal1_pb_5_4_pe_.ltl result=UNREALIZABLE seconds=0.685
cap=17s instance=load_balancer_unreal1_pb_5_5_pe_.ltl result=UNREALIZABLE seconds=13.525
cap=17s instance=load_balancer_unreal2_pb_5_pe_.ltl result=UNREALIZABLE seconds=12.272
cap=17s instance=ltl2dba_C2_unreal_pb_13_pe_.ltl result=UNREALIZABLE seconds=1.189
cap=17s instance=ltl2dba_C2_unreal_pb_14_pe_.ltl result=UNREALIZABLE seconds=3.017
cap=17s instance=ltl2dba_R_pb_7_pe_.ltl result=UNREALIZABLE seconds=6.512
cap=17s instance=ltl2dba_theta_pb_14_pe_.ltl result=UNREALIZABLE seconds=14.049
cap=17s instance=ordered-visits-choice-real.ltl result=UNKNOWN seconds=0.466
cap=17s instance=patrolling-alarm17.ltl result=UNREALIZABLE seconds=0.434
cap=17s instance=patrolling-alarm18.ltl result=UNREALIZABLE seconds=0.488
cap=17s instance=patrolling-alarm19.ltl result=UNREALIZABLE seconds=0.534
cap=17s instance=patrolling-alarm20.ltl result=UNREALIZABLE seconds=0.527
cap=17s instance=patrolling-alarm21.ltl result=UNREALIZABLE seconds=0.611
cap=17s instance=patrolling-alarm22.ltl result=UNREALIZABLE seconds=0.674
cap=17s instance=patrolling-alarm23.ltl result=UNREALIZABLE seconds=0.648
cap=17s instance=patrolling-alarm24.ltl result=UNREALIZABLE seconds=0.732
cap=17s instance=patrolling-alarm25.ltl result=UNREALIZABLE seconds=0.738
cap=17s instance=patrolling-alarm26.ltl result=UNREALIZABLE seconds=0.810
cap=17s instance=patrolling17.ltl result=UNREALIZABLE seconds=0.434
cap=17s instance=patrolling18.ltl result=UNREALIZABLE seconds=0.468
cap=17s instance=patrolling19.ltl result=UNREALIZABLE seconds=0.500
cap=17s instance=patrolling20.ltl result=UNREALIZABLE seconds=0.558
cap=17s instance=patrolling21.ltl result=UNREALIZABLE seconds=0.622
cap=17s instance=patrolling22.ltl result=UNREALIZABLE seconds=0.625
cap=17s instance=patrolling23.ltl result=UNREALIZABLE seconds=0.654
cap=17s instance=patrolling24.ltl result=UNREALIZABLE seconds=0.702
cap=17s instance=patrolling25.ltl result=UNREALIZABLE seconds=0.696
cap=17s instance=robot-cat-real-1d-real.ltl result=REALIZABLE seconds=2.469
cap=17s instance=robot-grid-commute-1d-real.ltl result=REALIZABLE seconds=2.056
cap=17s instance=robot-grid-reach-2d-real.ltl result=REALIZABLE seconds=2.904
cap=17s instance=robot-grid-reach-repeated-with-obstacles-2d-real.ltl result=REALIZABLE seconds=12.002
cap=17s instance=robot-resource-2d10.ltl result=UNREALIZABLE seconds=1.659
cap=17s instance=robot-resource-2d11.ltl result=UNREALIZABLE seconds=1.755
cap=17s instance=robot-resource-2d12.ltl result=UNREALIZABLE seconds=1.932
cap=17s instance=robot-resource-2d13.ltl result=UNREALIZABLE seconds=2.168
cap=17s instance=robot-resource-2d14.ltl result=UNREALIZABLE seconds=2.571
cap=17s instance=robot-resource-2d16.ltl result=UNREALIZABLE seconds=6.871
cap=17s instance=robot-resource-2d17.ltl result=UNREALIZABLE seconds=7.449
cap=17s instance=robot-resource-2d19.ltl result=UNREALIZABLE seconds=8.039
cap=17s instance=robot-resource-2d20.ltl result=UNREALIZABLE seconds=9.179
cap=17s instance=robot-resource-2d23.ltl result=UNREALIZABLE seconds=9.885
cap=17s instance=robot-resource-2d8.ltl result=UNREALIZABLE seconds=1.375
cap=17s instance=robot-to-target-unreal0.ltl result=REALIZABLE seconds=7.982
cap=17s instance=robot_grid_pb_3_3_pe_.ltl result=REALIZABLE seconds=0.169
cap=17s instance=robot_grid_pb_4_4_pe_.ltl result=REALIZABLE seconds=1.309
cap=17s instance=robot_grid_pb_5_5_pe_.ltl result=TIMEOUT seconds=17.145
cap=17s instance=round_robin_arbiter_pb_5_pe_.ltl result=REALIZABLE seconds=13.220
cap=17s instance=round_robin_arbiter_unreal1_pb_2_15_pe_.ltl result=UNREALIZABLE seconds=1.304
cap=17s instance=round_robin_arbiter_unreal1_pb_2_16_pe_.ltl result=UNREALIZABLE seconds=2.777
cap=17s instance=round_robin_arbiter_unreal1_pb_3_6_pe_.ltl result=UNREALIZABLE seconds=0.989
cap=17s instance=round_robin_arbiter_unreal1_pb_3_7_pe_.ltl result=UNREALIZABLE seconds=7.704
cap=17s instance=round_robin_arbiter_unreal1_pb_4_4_pe_.ltl result=UNREALIZABLE seconds=1.749
cap=17s instance=rw_arbiter_pb_3_pe_.ltl result=REALIZABLE seconds=0.764
cap=17s instance=simple_arbiter_with_hints_pb_6_pe_.ltl result=REALIZABLE seconds=1.987
cap=17s instance=square5x51.ltl result=UNREALIZABLE seconds=1.224
cap=17s instance=square5x52.ltl result=UNREALIZABLE seconds=1.333
cap=17s instance=square5x53.ltl result=UNREALIZABLE seconds=4.877
cap=17s instance=thermostat-F-real.ltl result=TIMEOUT seconds=17.086
cap=17s instance=thermostat-GF-unreal0.ltl result=UNREALIZABLE seconds=2.004
cap=17s instance=tmp_13cfc6f2.ltl result=REALIZABLE seconds=0.795
cap=17s instance=unordered-visits-real.ltl result=REALIZABLE seconds=8.571
cap=17s instance=workstation_resupply_pb_1_pe_.ltl result=REALIZABLE seconds=0.032
cap=17s instance=workstation_resupply_pb_2_pe_.ltl result=REALIZABLE seconds=0.341
cap=17s instance=workstation_resupply_pb_3_pe_.ltl result=REALIZABLE seconds=16.311
cap=17s instance=workstation_resupply_pb_4_pe_.ltl result=TIMEOUT seconds=17.143
wrote /home/gperez/GIT-repos/acacia-bonsai/benchmarking/witness-lifting-20260918/opening/confirmations/17s/r5-B.tsv
wrote /home/gperez/GIT-repos/acacia-bonsai/benchmarking/witness-lifting-20260918/opening/confirmations/17s/r5-B-summary.tsv
[2026-09-21T18:34:39] end r5 B rc=0
[2026-09-21T18:34:39] start r5 S
cap=17s instance=03.ltl result=REALIZABLE seconds=3.304
cap=17s instance=10.ltl result=REALIZABLE seconds=3.254
cap=17s instance=11.ltl result=REALIZABLE seconds=3.327
cap=17s instance=12.ltl result=REALIZABLE seconds=5.026
cap=17s instance=13.ltl result=REALIZABLE seconds=5.993
cap=17s instance=Alarm_70523fbe.ltl result=REALIZABLE seconds=0.940
cap=17s instance=F-G-contradiction-16.ltl result=UNREALIZABLE seconds=9.382
cap=17s instance=F-G-contradiction-17.ltl result=UNREALIZABLE seconds=10.650
cap=17s instance=F-G-contradiction-18.ltl result=UNREALIZABLE seconds=12.214
cap=17s instance=F-G-contradiction-19.ltl result=UNREALIZABLE seconds=11.914
cap=17s instance=GF-G-contradiction3.ltl result=UNREALIZABLE seconds=1.669
cap=17s instance=GF-G-contradiction4.ltl result=UNREALIZABLE seconds=1.701
cap=17s instance=GF-G-contradiction6.ltl result=UNREALIZABLE seconds=15.979
cap=17s instance=GF-G-contradiction7.ltl result=TIMEOUT seconds=17.086
cap=17s instance=Morning_f2774e0b.ltl result=UNREALIZABLE seconds=3.666
cap=17s instance=SPIPureNext.ltl result=REALIZABLE seconds=0.517
cap=17s instance=amba_decomposed_arbiter_pb_6_pe_.ltl result=REALIZABLE seconds=1.145
cap=17s instance=arbiter_on_inpchange_pb_4_pe_.ltl result=REALIZABLE seconds=1.355
cap=17s instance=arbiter_with_buffer_pb_5_pe_.ltl result=REALIZABLE seconds=0.913
cap=17s instance=buffer-storage-real.ltl result=REALIZABLE seconds=0.611
cap=17s instance=chain-simple-40-real.ltl result=REALIZABLE seconds=0.565
cap=17s instance=collector_v2_pb_11_pe_.ltl result=REALIZABLE seconds=0.318
cap=17s instance=finding_nemo_pb_2_pe_.ltl result=REALIZABLE seconds=5.130
cap=17s instance=g-real-real.ltl result=REALIZABLE seconds=2.889
cap=17s instance=g-unreal-112.ltl result=UNREALIZABLE seconds=6.635
cap=17s instance=g-unreal-113.ltl result=UNREALIZABLE seconds=7.378
cap=17s instance=g-unreal-115.ltl result=UNREALIZABLE seconds=16.607
cap=17s instance=g-unreal-18.ltl result=UNREALIZABLE seconds=1.131
cap=17s instance=g-unreal-19.ltl result=UNREALIZABLE seconds=2.080
cap=17s instance=g-unreal-33.ltl result=UNREALIZABLE seconds=0.588
cap=17s instance=g-unreal-34.ltl result=UNREALIZABLE seconds=0.939
cap=17s instance=g-unreal-36.ltl result=UNREALIZABLE seconds=1.145
cap=17s instance=g-unreal-37.ltl result=UNREALIZABLE seconds=1.978
cap=17s instance=g-unreal-38.ltl result=UNREALIZABLE seconds=8.923
cap=17s instance=heim-buechi-real.ltl result=REALIZABLE seconds=2.034
cap=17s instance=heim-double-x-real.ltl result=REALIZABLE seconds=0.423
cap=17s instance=heim-double-x10.ltl result=UNREALIZABLE seconds=2.569
cap=17s instance=heim-double-x13.ltl result=UNREALIZABLE seconds=5.355
cap=17s instance=heim-double-x9.ltl result=UNREALIZABLE seconds=2.121
cap=17s instance=infinite-race-u10.ltl result=UNREALIZABLE seconds=9.786
cap=17s instance=infinite-race-u11.ltl result=UNREALIZABLE seconds=14.242
cap=17s instance=infinite-race-u6.ltl result=UNREALIZABLE seconds=1.083
cap=17s instance=infinite-race-u7.ltl result=UNREALIZABLE seconds=1.584
cap=17s instance=infinite-race-u9.ltl result=UNREALIZABLE seconds=8.381
cap=17s instance=infinite-race-unequal-25.ltl result=UNREALIZABLE seconds=12.711
cap=17s instance=lift_pb_3_pe_.ltl result=REALIZABLE seconds=0.653
cap=17s instance=lift_pb_4_pe_.ltl result=TIMEOUT seconds=17.196
cap=17s instance=lift_unary_enc_pb_3_pe_.ltl result=REALIZABLE seconds=0.667
cap=17s instance=lift_unary_enc_pb_4_pe_.ltl result=TIMEOUT seconds=17.135
cap=17s instance=load_balancer_pb_7_pe_.ltl result=REALIZABLE seconds=5.399
cap=17s instance=load_balancer_unreal1_pb_2_15_pe_.ltl result=UNREALIZABLE seconds=0.770
cap=17s instance=load_balancer_unreal1_pb_3_12_pe_.ltl result=UNREALIZABLE seconds=0.578
cap=17s instance=load_balancer_unreal1_pb_4_6_pe_.ltl result=UNREALIZABLE seconds=1.051
cap=17s instance=load_balancer_unreal1_pb_4_7_pe_.ltl result=UNREALIZABLE seconds=8.061
cap=17s instance=load_balancer_unreal1_pb_5_4_pe_.ltl result=UNREALIZABLE seconds=0.708
cap=17s instance=load_balancer_unreal1_pb_5_5_pe_.ltl result=UNREALIZABLE seconds=14.279
cap=17s instance=load_balancer_unreal2_pb_5_pe_.ltl result=UNREALIZABLE seconds=12.216
cap=17s instance=ltl2dba_C2_unreal_pb_13_pe_.ltl result=UNREALIZABLE seconds=1.176
cap=17s instance=ltl2dba_C2_unreal_pb_14_pe_.ltl result=UNREALIZABLE seconds=3.210
cap=17s instance=ltl2dba_R_pb_7_pe_.ltl result=UNREALIZABLE seconds=6.364
cap=17s instance=ltl2dba_theta_pb_14_pe_.ltl result=UNREALIZABLE seconds=13.245
cap=17s instance=ordered-visits-choice-real.ltl result=REALIZABLE seconds=0.024
cap=17s instance=patrolling-alarm17.ltl result=UNREALIZABLE seconds=0.443
cap=17s instance=patrolling-alarm18.ltl result=UNREALIZABLE seconds=0.542
cap=17s instance=patrolling-alarm19.ltl result=UNREALIZABLE seconds=0.555
cap=17s instance=patrolling-alarm20.ltl result=UNREALIZABLE seconds=0.551
cap=17s instance=patrolling-alarm21.ltl result=UNREALIZABLE seconds=0.594
cap=17s instance=patrolling-alarm22.ltl result=UNREALIZABLE seconds=0.622
cap=17s instance=patrolling-alarm23.ltl result=UNREALIZABLE seconds=0.678
cap=17s instance=patrolling-alarm24.ltl result=UNREALIZABLE seconds=0.711
cap=17s instance=patrolling-alarm25.ltl result=UNREALIZABLE seconds=0.742
cap=17s instance=patrolling-alarm26.ltl result=UNREALIZABLE seconds=0.740
cap=17s instance=patrolling17.ltl result=UNREALIZABLE seconds=0.450
cap=17s instance=patrolling18.ltl result=UNREALIZABLE seconds=0.514
cap=17s instance=patrolling19.ltl result=UNREALIZABLE seconds=0.486
cap=17s instance=patrolling20.ltl result=UNREALIZABLE seconds=0.573
cap=17s instance=patrolling21.ltl result=UNREALIZABLE seconds=0.620
cap=17s instance=patrolling22.ltl result=UNREALIZABLE seconds=0.605
cap=17s instance=patrolling23.ltl result=UNREALIZABLE seconds=0.668
cap=17s instance=patrolling24.ltl result=UNREALIZABLE seconds=0.711
cap=17s instance=patrolling25.ltl result=UNREALIZABLE seconds=0.758
cap=17s instance=robot-cat-real-1d-real.ltl result=REALIZABLE seconds=2.351
cap=17s instance=robot-grid-commute-1d-real.ltl result=REALIZABLE seconds=1.948
cap=17s instance=robot-grid-reach-2d-real.ltl result=REALIZABLE seconds=2.676
cap=17s instance=robot-grid-reach-repeated-with-obstacles-2d-real.ltl result=REALIZABLE seconds=8.176
cap=17s instance=robot-resource-2d10.ltl result=UNREALIZABLE seconds=1.594
cap=17s instance=robot-resource-2d11.ltl result=UNREALIZABLE seconds=1.783
cap=17s instance=robot-resource-2d12.ltl result=UNREALIZABLE seconds=1.951
cap=17s instance=robot-resource-2d13.ltl result=UNREALIZABLE seconds=2.084
cap=17s instance=robot-resource-2d14.ltl result=UNREALIZABLE seconds=2.202
cap=17s instance=robot-resource-2d16.ltl result=UNREALIZABLE seconds=7.085
cap=17s instance=robot-resource-2d17.ltl result=UNREALIZABLE seconds=7.042
cap=17s instance=robot-resource-2d19.ltl result=UNREALIZABLE seconds=8.059
cap=17s instance=robot-resource-2d20.ltl result=UNREALIZABLE seconds=8.478
cap=17s instance=robot-resource-2d23.ltl result=UNREALIZABLE seconds=9.482
cap=17s instance=robot-resource-2d8.ltl result=UNREALIZABLE seconds=1.306
cap=17s instance=robot-to-target-unreal0.ltl result=REALIZABLE seconds=8.740
cap=17s instance=robot_grid_pb_3_3_pe_.ltl result=REALIZABLE seconds=0.286
cap=17s instance=robot_grid_pb_4_4_pe_.ltl result=REALIZABLE seconds=1.745
cap=17s instance=robot_grid_pb_5_5_pe_.ltl result=REALIZABLE seconds=9.379
cap=17s instance=round_robin_arbiter_pb_5_pe_.ltl result=REALIZABLE seconds=14.037
cap=17s instance=round_robin_arbiter_unreal1_pb_2_15_pe_.ltl result=UNREALIZABLE seconds=1.314
cap=17s instance=round_robin_arbiter_unreal1_pb_2_16_pe_.ltl result=UNREALIZABLE seconds=2.845
cap=17s instance=round_robin_arbiter_unreal1_pb_3_6_pe_.ltl result=UNREALIZABLE seconds=1.027
cap=17s instance=round_robin_arbiter_unreal1_pb_3_7_pe_.ltl result=UNREALIZABLE seconds=7.255
cap=17s instance=round_robin_arbiter_unreal1_pb_4_4_pe_.ltl result=UNREALIZABLE seconds=1.591
cap=17s instance=rw_arbiter_pb_3_pe_.ltl result=REALIZABLE seconds=0.744
cap=17s instance=simple_arbiter_with_hints_pb_6_pe_.ltl result=REALIZABLE seconds=1.991
cap=17s instance=square5x51.ltl result=UNREALIZABLE seconds=1.113
cap=17s instance=square5x52.ltl result=UNREALIZABLE seconds=1.363
cap=17s instance=square5x53.ltl result=UNREALIZABLE seconds=5.002
cap=17s instance=thermostat-F-real.ltl result=REALIZABLE seconds=1.512
cap=17s instance=thermostat-GF-unreal0.ltl result=UNREALIZABLE seconds=2.034
cap=17s instance=tmp_13cfc6f2.ltl result=REALIZABLE seconds=0.748
cap=17s instance=unordered-visits-real.ltl result=REALIZABLE seconds=8.405
cap=17s instance=workstation_resupply_pb_1_pe_.ltl result=REALIZABLE seconds=0.030
cap=17s instance=workstation_resupply_pb_2_pe_.ltl result=REALIZABLE seconds=0.320
cap=17s instance=workstation_resupply_pb_3_pe_.ltl result=TIMEOUT seconds=17.053
cap=17s instance=workstation_resupply_pb_4_pe_.ltl result=TIMEOUT seconds=17.142
wrote /home/gperez/GIT-repos/acacia-bonsai/benchmarking/witness-lifting-20260918/opening/confirmations/17s/r5-S.tsv
wrote /home/gperez/GIT-repos/acacia-bonsai/benchmarking/witness-lifting-20260918/opening/confirmations/17s/r5-S-summary.tsv
[2026-09-21T18:43:14] end r5 S rc=0
[2026-09-21T18:43:14] SCREEN DONE 17s-confirm
