cap=17s instance=abcg_arbiter_pb_4_pe_.ltl result=TIMEOUT seconds=17.094
cap=17s instance=abcg_arbiter_pb_5_pe_.ltl result=TIMEOUT seconds=17.094
cap=17s instance=abcg_arbiter_pb_6_pe_.ltl result=TIMEOUT seconds=17.093
cap=17s instance=amba_case_study_unreal_pb_2_pe_.ltl result=TIMEOUT seconds=17.038
cap=17s instance=amba_case_study_unreal_pb_3_pe_.ltl result=TIMEOUT seconds=17.085
cap=17s instance=amba_case_study_unreal_pb_4_pe_.ltl result=TIMEOUT seconds=17.053
cap=17s instance=amba_case_study_unreal_pb_5_pe_.ltl result=TIMEOUT seconds=17.053
cap=17s instance=amba_decomposed_lock_pb_10_pe_.ltl result=REALIZABLE seconds=1.099
cap=17s instance=amba_decomposed_lock_pb_11_pe_.ltl result=REALIZABLE seconds=1.358
cap=17s instance=amba_decomposed_lock_pb_12_pe_.ltl result=REALIZABLE seconds=1.718
cap=17s instance=amba_decomposed_lock_pb_13_pe_.ltl result=REALIZABLE seconds=2.617
cap=17s instance=amba_decomposed_lock_pb_14_pe_.ltl result=REALIZABLE seconds=4.988
cap=17s instance=amba_decomposed_lock_pb_15_pe_.ltl result=TIMEOUT seconds=17.095
cap=17s instance=amba_decomposed_lock_pb_16_pe_.ltl result=TIMEOUT seconds=17.094
cap=17s instance=amba_decomposed_lock_pb_30_pe_.ltl result=TIMEOUT seconds=17.088
cap=17s instance=amba_decomposed_lock_pb_5_pe_.ltl result=REALIZABLE seconds=0.888
cap=17s instance=amba_decomposed_lock_pb_6_pe_.ltl result=REALIZABLE seconds=0.945
cap=17s instance=amba_decomposed_lock_pb_7_pe_.ltl result=REALIZABLE seconds=0.949
cap=17s instance=amba_decomposed_lock_pb_8_pe_.ltl result=REALIZABLE seconds=0.986
cap=17s instance=amba_decomposed_lock_pb_9_pe_.ltl result=REALIZABLE seconds=1.028
cap=17s instance=arbiter_on_inpchange_pb_5_pe_.ltl result=TIMEOUT seconds=17.055
cap=17s instance=arbiter_on_inpchange_pb_6_pe_.ltl result=TIMEOUT seconds=17.053
cap=17s instance=arbiter_on_inpchange_pb_7_pe_.ltl result=TIMEOUT seconds=17.053
cap=17s instance=arbiter_pb_10_pe_.ltl result=REALIZABLE seconds=2.654
cap=17s instance=arbiter_pb_5_pe_.ltl result=REALIZABLE seconds=1.115
cap=17s instance=arbiter_pb_6_pe_.ltl result=REALIZABLE seconds=1.282
cap=17s instance=arbiter_pb_7_pe_.ltl result=REALIZABLE seconds=1.466
cap=17s instance=arbiter_pb_8_pe_.ltl result=REALIZABLE seconds=1.724
cap=17s instance=arbiter_pb_9_pe_.ltl result=REALIZABLE seconds=2.096
cap=17s instance=arbiter_with_buffer_pb_10_pe_.ltl result=TIMEOUT seconds=17.053
cap=17s instance=arbiter_with_buffer_pb_5_pe_.ltl result=REALIZABLE seconds=0.901
cap=17s instance=arbiter_with_buffer_pb_6_pe_.ltl result=REALIZABLE seconds=1.053
cap=17s instance=arbiter_with_buffer_pb_7_pe_.ltl result=REALIZABLE seconds=1.492
cap=17s instance=arbiter_with_buffer_pb_8_pe_.ltl result=REALIZABLE seconds=3.026
cap=17s instance=arbiter_with_buffer_pb_9_pe_.ltl result=TIMEOUT seconds=17.094
cap=17s instance=arbiter_with_cancel_pb_10_pe_.ltl result=TIMEOUT seconds=17.096
cap=17s instance=arbiter_with_cancel_pb_5_pe_.ltl result=REALIZABLE seconds=1.667
cap=17s instance=arbiter_with_cancel_pb_6_pe_.ltl result=REALIZABLE seconds=2.083
cap=17s instance=arbiter_with_cancel_pb_7_pe_.ltl result=REALIZABLE seconds=2.911
cap=17s instance=arbiter_with_cancel_pb_8_pe_.ltl result=REALIZABLE seconds=4.719
cap=17s instance=arbiter_with_cancel_pb_9_pe_.ltl result=TIMEOUT seconds=17.086
cap=17s instance=collector_v1_pb_11_pe_.ltl result=TIMEOUT seconds=17.037
cap=17s instance=collector_v1_pb_12_pe_.ltl result=TIMEOUT seconds=17.052
cap=17s instance=collector_v1_pb_13_pe_.ltl result=TIMEOUT seconds=17.094
cap=17s instance=collector_v1_pb_14_pe_.ltl result=TIMEOUT seconds=17.087
cap=17s instance=collector_v1_pb_15_pe_.ltl result=TIMEOUT seconds=17.053
cap=17s instance=collector_v1_pb_5_pe_.ltl result=REALIZABLE seconds=5.700
cap=17s instance=collector_v1_pb_7_pe_.ltl result=REALIZABLE seconds=5.668
cap=17s instance=collector_v1_pb_9_pe_.ltl result=REALIZABLE seconds=8.409
cap=17s instance=load_balancer_pb_10_pe_.ltl result=TIMEOUT seconds=17.039
cap=17s instance=load_balancer_pb_11_pe_.ltl result=TIMEOUT seconds=17.053
cap=17s instance=load_balancer_pb_5_pe_.ltl result=REALIZABLE seconds=1.336
cap=17s instance=load_balancer_pb_6_pe_.ltl result=REALIZABLE seconds=1.651
cap=17s instance=load_balancer_pb_7_pe_.ltl result=REALIZABLE seconds=2.368
cap=17s instance=load_balancer_pb_8_pe_.ltl result=REALIZABLE seconds=4.240
cap=17s instance=load_balancer_pb_9_pe_.ltl result=TIMEOUT seconds=17.094
cap=17s instance=load_balancer_unreal2_pb_2_pe_.ltl result=REALIZABLE seconds=0.434
cap=17s instance=load_balancer_unreal2_pb_3_pe_.ltl result=UNREALIZABLE seconds=0.583
cap=17s instance=load_balancer_unreal2_pb_4_pe_.ltl result=UNREALIZABLE seconds=0.636
cap=17s instance=load_balancer_unreal2_pb_5_pe_.ltl result=UNREALIZABLE seconds=0.901
cap=17s instance=load_balancer_unreal2_pb_6_pe_.ltl result=UNREALIZABLE seconds=2.248
cap=17s instance=load_balancer_unreal2_pb_7_pe_.ltl result=TIMEOUT seconds=17.095
cap=17s instance=load_balancer_unreal2_pb_8_pe_.ltl result=TIMEOUT seconds=17.053
cap=17s instance=prioritized_arbiter_pb_10_pe_.ltl result=REALIZABLE seconds=1.045
cap=17s instance=prioritized_arbiter_pb_12_pe_.ltl result=REALIZABLE seconds=1.905
cap=17s instance=prioritized_arbiter_pb_5_pe_.ltl result=REALIZABLE seconds=0.806
cap=17s instance=prioritized_arbiter_pb_6_pe_.ltl result=REALIZABLE seconds=0.848
cap=17s instance=prioritized_arbiter_pb_7_pe_.ltl result=REALIZABLE seconds=0.884
cap=17s instance=prioritized_arbiter_pb_8_pe_.ltl result=REALIZABLE seconds=0.911
cap=17s instance=prioritized_arbiter_pb_9_pe_.ltl result=REALIZABLE seconds=0.951
cap=17s instance=prioritized_arbiter_unreal2_pb_100_pe_.ltl result=TIMEOUT seconds=17.049
cap=17s instance=prioritized_arbiter_unreal2_pb_10_pe_.ltl result=UNREALIZABLE seconds=5.521
cap=17s instance=prioritized_arbiter_unreal2_pb_2_pe_.ltl result=UNREALIZABLE seconds=0.538
cap=17s instance=prioritized_arbiter_unreal2_pb_30_pe_.ltl result=TIMEOUT seconds=17.089
cap=17s instance=prioritized_arbiter_unreal2_pb_3_pe_.ltl result=UNREALIZABLE seconds=0.537
cap=17s instance=prioritized_arbiter_unreal2_pb_4_pe_.ltl result=UNREALIZABLE seconds=0.552
cap=17s instance=prioritized_arbiter_unreal2_pb_5_pe_.ltl result=UNREALIZABLE seconds=0.601
cap=17s instance=prioritized_arbiter_unreal2_pb_60_pe_.ltl result=TIMEOUT seconds=17.049
cap=17s instance=prioritized_arbiter_unreal2_pb_6_pe_.ltl result=UNREALIZABLE seconds=0.620
cap=17s instance=prioritized_arbiter_unreal2_pb_7_pe_.ltl result=UNREALIZABLE seconds=0.746
cap=17s instance=prioritized_arbiter_unreal2_pb_8_pe_.ltl result=UNREALIZABLE seconds=1.085
cap=17s instance=round_robin_arbiter_unreal2_pb_2_pe_.ltl result=UNREALIZABLE seconds=0.578
cap=17s instance=round_robin_arbiter_unreal2_pb_3_pe_.ltl result=UNREALIZABLE seconds=0.636
cap=17s instance=round_robin_arbiter_unreal2_pb_4_pe_.ltl result=UNREALIZABLE seconds=0.921
cap=17s instance=round_robin_arbiter_unreal2_pb_5_pe_.ltl result=UNREALIZABLE seconds=2.117
cap=17s instance=round_robin_arbiter_unreal2_pb_6_pe_.ltl result=TIMEOUT seconds=17.087
cap=17s instance=round_robin_arbiter_unreal2_pb_7_pe_.ltl result=TIMEOUT seconds=17.091
cap=17s instance=simple_arbiter_with_hints_pb_10_pe_.ltl result=TIMEOUT seconds=17.196
cap=17s instance=simple_arbiter_with_hints_pb_12_pe_.ltl result=TIMEOUT seconds=17.090
cap=17s instance=simple_arbiter_with_hints_pb_15_pe_.ltl result=TIMEOUT seconds=17.086
cap=17s instance=simple_arbiter_with_hints_pb_8_pe_.ltl result=TIMEOUT seconds=17.055
wrote /home/gperez/GIT-repos/acacia-gr1-par2-timing/benchmarking/gr1-par2-20260923/campaign/selection/17s/N-a/N-a-cap17.tsv
wrote /home/gperez/GIT-repos/acacia-gr1-par2-timing/benchmarking/gr1-par2-20260923/campaign/selection/17s/N-a/N-a-cap17-summary.tsv
