OK AlarmMin_efe2feaf.tlsf native=formula-ast:1 formula-bytes:0 inputs:1 outputs:1
OK AllHeating_d6376bf9.tlsf native=formula-ast:1 formula-bytes:0 inputs:1 outputs:1
OK CheckLight_007df645.tlsf native=formula-ast:1 formula-bytes:0 inputs:1 outputs:1
OK Coffee_2c5b09da.tlsf native=formula-ast:1 formula-bytes:0 inputs:1 outputs:1
OK F-G-contradiction-14.tlsf native=formula-ast:1 formula-bytes:0 inputs:1 outputs:1
OK GF-G-contradiction3.tlsf native=formula-ast:1 formula-bytes:0 inputs:1 outputs:1
OK KitchenTimerV4.tlsf native=formula-ast:1 formula-bytes:0 inputs:1 outputs:1
OK KitchenTimerV5.tlsf native=formula-ast:1 formula-bytes:0 inputs:1 outputs:1
OK Morning2s_06cf2373.tlsf native=formula-ast:1 formula-bytes:0 inputs:1 outputs:1
OK Morning_f2774e0b.tlsf native=formula-ast:1 formula-bytes:0 inputs:1 outputs:1
OK MusicAppMotivating.tlsf native=formula-ast:1 formula-bytes:0 inputs:1 outputs:1
OK OneCounterInRangeA2.tlsf native=formula-ast:1 formula-bytes:0 inputs:1 outputs:1
OK TwoCountersInRangeM4.tlsf native=formula-ast:1 formula-bytes:0 inputs:1 outputs:1
OK Warnlight_2d1010f8.tlsf native=formula-ast:1 formula-bytes:0 inputs:1 outputs:1
OK amba_case_study_pb_2_pe_.tlsf native=formula-ast:1 formula-bytes:0 inputs:1 outputs:1
OK amba_decomposed_arbiter_pb_16_pe_.tlsf native=formula-ast:1 formula-bytes:0 inputs:1 outputs:1
OK amba_decomposed_encode_pb_20_pe_.tlsf native=formula-ast:1 formula-bytes:0 inputs:1 outputs:1
OK amba_decomposed_lock_pb_10_pe_.tlsf native=formula-ast:1 formula-bytes:0 inputs:1 outputs:1
OK amba_decomposed_lock_pb_14_pe_.tlsf native=formula-ast:1 formula-bytes:0 inputs:1 outputs:1
OK amba_decomposed_lock_pb_2_pe_.tlsf native=formula-ast:1 formula-bytes:0 inputs:1 outputs:1
OK collector_v1_pb_13_pe_.tlsf native=formula-ast:1 formula-bytes:0 inputs:1 outputs:1
OK collector_v1_pb_27_pe_.tlsf native=formula-ast:1 formula-bytes:0 inputs:1 outputs:1
OK full_arbiter_unreal1_pb_3_16_pe_.tlsf native=formula-ast:1 formula-bytes:0 inputs:1 outputs:1
OK full_arbiter_unreal2_pb_2_pe_.tlsf native=formula-ast:1 formula-bytes:0 inputs:1 outputs:1
OK g-unreal-312.tlsf native=formula-ast:1 formula-bytes:0 inputs:1 outputs:1
OK gf-unreal35.tlsf native=formula-ast:1 formula-bytes:0 inputs:1 outputs:1
OK lazy_shades_problem_d6376bf9.tlsf native=formula-ast:1 formula-bytes:0 inputs:1 outputs:1
OK lift_pb_8_pe_.tlsf native=formula-ast:1 formula-bytes:0 inputs:1 outputs:1
OK lilydemo11.tlsf native=formula-ast:1 formula-bytes:0 inputs:1 outputs:1
OK lilydemo17.tlsf native=formula-ast:1 formula-bytes:0 inputs:1 outputs:1
OK ltl2dba_C2_pb_7_pe_.tlsf native=formula-ast:1 formula-bytes:0 inputs:1 outputs:1
OK ltl2dba_Q_pb_15_pe_.tlsf native=formula-ast:1 formula-bytes:0 inputs:1 outputs:1
OK ltl2dba_Q_pb_1_pe_.tlsf native=formula-ast:1 formula-bytes:0 inputs:1 outputs:1
OK ltl2dba_R_pb_11_pe_.tlsf native=formula-ast:1 formula-bytes:0 inputs:1 outputs:1
OK patrolling25.tlsf native=formula-ast:1 formula-bytes:0 inputs:1 outputs:1
OK patrolling5.tlsf native=formula-ast:1 formula-bytes:0 inputs:1 outputs:1
OK prioritized_arbiter_pb_10_pe_.tlsf native=formula-ast:1 formula-bytes:0 inputs:1 outputs:1
OK prioritized_arbiter_pb_1_pe_.tlsf native=formula-ast:1 formula-bytes:0 inputs:1 outputs:1
OK prioritized_arbiter_unreal1_pb_2_9_pe_.tlsf native=formula-ast:1 formula-bytes:0 inputs:1 outputs:1
OK prioritized_arbiter_unreal1_pb_4_2_pe_.tlsf native=formula-ast:1 formula-bytes:0 inputs:1 outputs:1
OK robot-resource-2d3.tlsf native=formula-ast:1 formula-bytes:0 inputs:1 outputs:1
OK robot-to-target-charging15.tlsf native=formula-ast:1 formula-bytes:0 inputs:1 outputs:1
OK robot_deliver_products_50.tlsf native=formula-ast:1 formula-bytes:0 inputs:1 outputs:1
OK robot_grid_pb_8_8_pe_.tlsf native=formula-ast:1 formula-bytes:0 inputs:1 outputs:1
OK round_robin_arbiter_unreal1_pb_2_9_pe_.tlsf native=formula-ast:1 formula-bytes:0 inputs:1 outputs:1
OK round_robin_arbiter_unreal1_pb_3_10_pe_.tlsf native=formula-ast:1 formula-bytes:0 inputs:1 outputs:1
OK simple_arbiter_enc_pb_16_pe_.tlsf native=formula-ast:1 formula-bytes:0 inputs:1 outputs:1
OK square5x51.tlsf native=formula-ast:1 formula-bytes:0 inputs:1 outputs:1
OK unordered-visits-real.tlsf native=formula-ast:1 formula-bytes:0 inputs:1 outputs:1
OK workstation_resupply_pb_5_pe_.tlsf native=formula-ast:1 formula-bytes:0 inputs:1 outputs:1
verified 50 deterministic SyFCo conversions and native frontend formula/I/O compatibility
