cap=17s instance=abcg_arbiter_pb_4_pe_.ltl result=TIMEOUT seconds=17.053
cap=17s instance=abcg_arbiter_pb_5_pe_.ltl result=TIMEOUT seconds=17.092
cap=17s instance=abcg_arbiter_pb_6_pe_.ltl result=TIMEOUT seconds=17.094
cap=17s instance=amba_case_study_unreal_pb_2_pe_.ltl result=TIMEOUT seconds=17.038
cap=17s instance=amba_case_study_unreal_pb_3_pe_.ltl result=TIMEOUT seconds=17.088
cap=17s instance=amba_case_study_unreal_pb_4_pe_.ltl result=TIMEOUT seconds=17.053
cap=17s instance=amba_case_study_unreal_pb_5_pe_.ltl result=TIMEOUT seconds=17.054
cap=17s instance=amba_decomposed_lock_pb_10_pe_.ltl result=REALIZABLE seconds=1.110
cap=17s instance=amba_decomposed_lock_pb_11_pe_.ltl result=REALIZABLE seconds=1.358
cap=17s instance=amba_decomposed_lock_pb_12_pe_.ltl result=REALIZABLE seconds=1.728
cap=17s instance=amba_decomposed_lock_pb_13_pe_.ltl result=REALIZABLE seconds=2.622
cap=17s instance=amba_decomposed_lock_pb_14_pe_.ltl result=REALIZABLE seconds=5.032
cap=17s instance=amba_decomposed_lock_pb_15_pe_.ltl result=TIMEOUT seconds=17.053
cap=17s instance=amba_decomposed_lock_pb_16_pe_.ltl result=TIMEOUT seconds=17.086
cap=17s instance=amba_decomposed_lock_pb_30_pe_.ltl result=TIMEOUT seconds=17.042
cap=17s instance=amba_decomposed_lock_pb_5_pe_.ltl result=REALIZABLE seconds=0.873
cap=17s instance=amba_decomposed_lock_pb_6_pe_.ltl result=REALIZABLE seconds=0.931
cap=17s instance=amba_decomposed_lock_pb_7_pe_.ltl result=REALIZABLE seconds=0.950
cap=17s instance=amba_decomposed_lock_pb_8_pe_.ltl result=REALIZABLE seconds=0.982
cap=17s instance=amba_decomposed_lock_pb_9_pe_.ltl result=REALIZABLE seconds=1.005
cap=17s instance=arbiter_on_inpchange_pb_5_pe_.ltl result=REALIZABLE seconds=6.405
cap=17s instance=arbiter_on_inpchange_pb_6_pe_.ltl result=TIMEOUT seconds=17.053
cap=17s instance=arbiter_on_inpchange_pb_7_pe_.ltl result=TIMEOUT seconds=17.037
cap=17s instance=arbiter_pb_10_pe_.ltl result=REALIZABLE seconds=2.601
cap=17s instance=arbiter_pb_5_pe_.ltl result=REALIZABLE seconds=1.094
cap=17s instance=arbiter_pb_6_pe_.ltl result=REALIZABLE seconds=1.245
cap=17s instance=arbiter_pb_7_pe_.ltl result=REALIZABLE seconds=1.441
cap=17s instance=arbiter_pb_8_pe_.ltl result=REALIZABLE seconds=1.697
cap=17s instance=arbiter_pb_9_pe_.ltl result=REALIZABLE seconds=2.105
cap=17s instance=arbiter_with_buffer_pb_10_pe_.ltl result=TIMEOUT seconds=17.054
cap=17s instance=arbiter_with_buffer_pb_5_pe_.ltl result=REALIZABLE seconds=0.896
cap=17s instance=arbiter_with_buffer_pb_6_pe_.ltl result=REALIZABLE seconds=1.048
cap=17s instance=arbiter_with_buffer_pb_7_pe_.ltl result=REALIZABLE seconds=1.454
cap=17s instance=arbiter_with_buffer_pb_8_pe_.ltl result=REALIZABLE seconds=2.997
cap=17s instance=arbiter_with_buffer_pb_9_pe_.ltl result=REALIZABLE seconds=9.090
cap=17s instance=arbiter_with_cancel_pb_10_pe_.ltl result=TIMEOUT seconds=17.054
cap=17s instance=arbiter_with_cancel_pb_5_pe_.ltl result=REALIZABLE seconds=1.637
cap=17s instance=arbiter_with_cancel_pb_6_pe_.ltl result=REALIZABLE seconds=2.092
cap=17s instance=arbiter_with_cancel_pb_7_pe_.ltl result=REALIZABLE seconds=2.885
cap=17s instance=arbiter_with_cancel_pb_8_pe_.ltl result=REALIZABLE seconds=4.550
cap=17s instance=arbiter_with_cancel_pb_9_pe_.ltl result=REALIZABLE seconds=8.723
cap=17s instance=collector_v1_pb_11_pe_.ltl result=TIMEOUT seconds=17.037
cap=17s instance=collector_v1_pb_12_pe_.ltl result=TIMEOUT seconds=17.055
cap=17s instance=collector_v1_pb_13_pe_.ltl result=TIMEOUT seconds=17.055
cap=17s instance=collector_v1_pb_14_pe_.ltl result=TIMEOUT seconds=17.053
cap=17s instance=collector_v1_pb_15_pe_.ltl result=TIMEOUT seconds=17.053
cap=17s instance=collector_v1_pb_5_pe_.ltl result=REALIZABLE seconds=11.372
cap=17s instance=collector_v1_pb_7_pe_.ltl result=REALIZABLE seconds=11.333
cap=17s instance=collector_v1_pb_9_pe_.ltl result=REALIZABLE seconds=13.845
cap=17s instance=load_balancer_pb_10_pe_.ltl result=TIMEOUT seconds=17.053
cap=17s instance=load_balancer_pb_11_pe_.ltl result=TIMEOUT seconds=17.053
cap=17s instance=load_balancer_pb_5_pe_.ltl result=REALIZABLE seconds=1.295
cap=17s instance=load_balancer_pb_6_pe_.ltl result=REALIZABLE seconds=1.633
cap=17s instance=load_balancer_pb_7_pe_.ltl result=REALIZABLE seconds=2.304
cap=17s instance=load_balancer_pb_8_pe_.ltl result=REALIZABLE seconds=4.224
cap=17s instance=load_balancer_pb_9_pe_.ltl result=REALIZABLE seconds=9.658
cap=17s instance=load_balancer_unreal2_pb_2_pe_.ltl result=REALIZABLE seconds=0.436
cap=17s instance=load_balancer_unreal2_pb_3_pe_.ltl result=UNREALIZABLE seconds=0.575
cap=17s instance=load_balancer_unreal2_pb_4_pe_.ltl result=UNREALIZABLE seconds=0.628
cap=17s instance=load_balancer_unreal2_pb_5_pe_.ltl result=UNREALIZABLE seconds=0.882
cap=17s instance=load_balancer_unreal2_pb_6_pe_.ltl result=UNREALIZABLE seconds=2.223
cap=17s instance=load_balancer_unreal2_pb_7_pe_.ltl result=TIMEOUT seconds=17.053
cap=17s instance=load_balancer_unreal2_pb_8_pe_.ltl result=TIMEOUT seconds=17.053
cap=17s instance=prioritized_arbiter_pb_10_pe_.ltl result=REALIZABLE seconds=1.046
cap=17s instance=prioritized_arbiter_pb_12_pe_.ltl result=REALIZABLE seconds=1.897
cap=17s instance=prioritized_arbiter_pb_5_pe_.ltl result=REALIZABLE seconds=0.809
cap=17s instance=prioritized_arbiter_pb_6_pe_.ltl result=REALIZABLE seconds=0.843
cap=17s instance=prioritized_arbiter_pb_7_pe_.ltl result=REALIZABLE seconds=0.863
cap=17s instance=prioritized_arbiter_pb_8_pe_.ltl result=REALIZABLE seconds=0.899
cap=17s instance=prioritized_arbiter_pb_9_pe_.ltl result=REALIZABLE seconds=0.959
cap=17s instance=prioritized_arbiter_unreal2_pb_100_pe_.ltl result=TIMEOUT seconds=17.042
cap=17s instance=prioritized_arbiter_unreal2_pb_10_pe_.ltl result=UNREALIZABLE seconds=5.550
cap=17s instance=prioritized_arbiter_unreal2_pb_2_pe_.ltl result=UNREALIZABLE seconds=0.540
cap=17s instance=prioritized_arbiter_unreal2_pb_30_pe_.ltl result=TIMEOUT seconds=17.043
cap=17s instance=prioritized_arbiter_unreal2_pb_3_pe_.ltl result=UNREALIZABLE seconds=0.529
cap=17s instance=prioritized_arbiter_unreal2_pb_4_pe_.ltl result=UNREALIZABLE seconds=0.547
cap=17s instance=prioritized_arbiter_unreal2_pb_5_pe_.ltl result=UNREALIZABLE seconds=0.601
cap=17s instance=prioritized_arbiter_unreal2_pb_60_pe_.ltl result=TIMEOUT seconds=17.044
cap=17s instance=prioritized_arbiter_unreal2_pb_6_pe_.ltl result=UNREALIZABLE seconds=0.627
cap=17s instance=prioritized_arbiter_unreal2_pb_7_pe_.ltl result=UNREALIZABLE seconds=0.739
cap=17s instance=prioritized_arbiter_unreal2_pb_8_pe_.ltl result=UNREALIZABLE seconds=1.063
cap=17s instance=round_robin_arbiter_unreal2_pb_2_pe_.ltl result=UNREALIZABLE seconds=0.556
cap=17s instance=round_robin_arbiter_unreal2_pb_3_pe_.ltl result=UNREALIZABLE seconds=0.616
cap=17s instance=round_robin_arbiter_unreal2_pb_4_pe_.ltl result=UNREALIZABLE seconds=0.914
cap=17s instance=round_robin_arbiter_unreal2_pb_5_pe_.ltl result=UNREALIZABLE seconds=2.088
cap=17s instance=round_robin_arbiter_unreal2_pb_6_pe_.ltl result=UNREALIZABLE seconds=7.252
cap=17s instance=round_robin_arbiter_unreal2_pb_7_pe_.ltl result=TIMEOUT seconds=17.054
cap=17s instance=simple_arbiter_with_hints_pb_10_pe_.ltl result=TIMEOUT seconds=17.185
cap=17s instance=simple_arbiter_with_hints_pb_12_pe_.ltl result=TIMEOUT seconds=17.089
cap=17s instance=simple_arbiter_with_hints_pb_15_pe_.ltl result=TIMEOUT seconds=17.092
cap=17s instance=simple_arbiter_with_hints_pb_8_pe_.ltl result=TIMEOUT seconds=17.055
wrote /home/gperez/GIT-repos/acacia-gr1-par2-timing/benchmarking/gr1-par2-20260923/campaign/selection/17s/N-b/N-b-cap17.tsv
wrote /home/gperez/GIT-repos/acacia-gr1-par2-timing/benchmarking/gr1-par2-20260923/campaign/selection/17s/N-b/N-b-cap17-summary.tsv
